Archive member included to satisfy reference by file (symbol)

/Applications/STM32CubeIDE.app/Contents/Eclipse/plugins/com.st.stm32cube.ide.mcu.externaltools.gnu-tools-for-stm32.13.3.rel1.macos64_1.0.0.202411102158/tools/bin/../lib/gcc/arm-none-eabi/13.3.1/../../../../arm-none-eabi/lib/thumb/v7e-m+fp/hard/libc_nano.a(libc_a-exit.o)
                              /Applications/STM32CubeIDE.app/Contents/Eclipse/plugins/com.st.stm32cube.ide.mcu.externaltools.gnu-tools-for-stm32.13.3.rel1.macos64_1.0.0.202411102158/tools/bin/../lib/gcc/arm-none-eabi/13.3.1/../../../../arm-none-eabi/lib/thumb/v7e-m+fp/hard/crt0.o (exit)
/Applications/STM32CubeIDE.app/Contents/Eclipse/plugins/com.st.stm32cube.ide.mcu.externaltools.gnu-tools-for-stm32.13.3.rel1.macos64_1.0.0.202411102158/tools/bin/../lib/gcc/arm-none-eabi/13.3.1/../../../../arm-none-eabi/lib/thumb/v7e-m+fp/hard/libc_nano.a(libc_a-findfp.o)
                              /Applications/STM32CubeIDE.app/Contents/Eclipse/plugins/com.st.stm32cube.ide.mcu.externaltools.gnu-tools-for-stm32.13.3.rel1.macos64_1.0.0.202411102158/tools/bin/../lib/gcc/arm-none-eabi/13.3.1/../../../../arm-none-eabi/lib/thumb/v7e-m+fp/hard/libc_nano.a(libc_a-exit.o) (__stdio_exit_handler)
/Applications/STM32CubeIDE.app/Contents/Eclipse/plugins/com.st.stm32cube.ide.mcu.externaltools.gnu-tools-for-stm32.13.3.rel1.macos64_1.0.0.202411102158/tools/bin/../lib/gcc/arm-none-eabi/13.3.1/../../../../arm-none-eabi/lib/thumb/v7e-m+fp/hard/libc_nano.a(libc_a-fwalk.o)
                              /Applications/STM32CubeIDE.app/Contents/Eclipse/plugins/com.st.stm32cube.ide.mcu.externaltools.gnu-tools-for-stm32.13.3.rel1.macos64_1.0.0.202411102158/tools/bin/../lib/gcc/arm-none-eabi/13.3.1/../../../../arm-none-eabi/lib/thumb/v7e-m+fp/hard/libc_nano.a(libc_a-findfp.o) (_fwalk_sglue)
/Applications/STM32CubeIDE.app/Contents/Eclipse/plugins/com.st.stm32cube.ide.mcu.externaltools.gnu-tools-for-stm32.13.3.rel1.macos64_1.0.0.202411102158/tools/bin/../lib/gcc/arm-none-eabi/13.3.1/../../../../arm-none-eabi/lib/thumb/v7e-m+fp/hard/libc_nano.a(libc_a-memset.o)
                              /Applications/STM32CubeIDE.app/Contents/Eclipse/plugins/com.st.stm32cube.ide.mcu.externaltools.gnu-tools-for-stm32.13.3.rel1.macos64_1.0.0.202411102158/tools/bin/../lib/gcc/arm-none-eabi/13.3.1/../../../../arm-none-eabi/lib/thumb/v7e-m+fp/hard/crt0.o (memset)
/Applications/STM32CubeIDE.app/Contents/Eclipse/plugins/com.st.stm32cube.ide.mcu.externaltools.gnu-tools-for-stm32.13.3.rel1.macos64_1.0.0.202411102158/tools/bin/../lib/gcc/arm-none-eabi/13.3.1/../../../../arm-none-eabi/lib/thumb/v7e-m+fp/hard/libc_nano.a(libc_a-init.o)
                              /Applications/STM32CubeIDE.app/Contents/Eclipse/plugins/com.st.stm32cube.ide.mcu.externaltools.gnu-tools-for-stm32.13.3.rel1.macos64_1.0.0.202411102158/tools/bin/../lib/gcc/arm-none-eabi/13.3.1/../../../../arm-none-eabi/lib/thumb/v7e-m+fp/hard/crt0.o (__libc_init_array)
/Applications/STM32CubeIDE.app/Contents/Eclipse/plugins/com.st.stm32cube.ide.mcu.externaltools.gnu-tools-for-stm32.13.3.rel1.macos64_1.0.0.202411102158/tools/bin/../lib/gcc/arm-none-eabi/13.3.1/../../../../arm-none-eabi/lib/thumb/v7e-m+fp/hard/libc_nano.a(libc_a-lock.o)
                              /Applications/STM32CubeIDE.app/Contents/Eclipse/plugins/com.st.stm32cube.ide.mcu.externaltools.gnu-tools-for-stm32.13.3.rel1.macos64_1.0.0.202411102158/tools/bin/../lib/gcc/arm-none-eabi/13.3.1/../../../../arm-none-eabi/lib/thumb/v7e-m+fp/hard/libc_nano.a(libc_a-findfp.o) (__retarget_lock_init_recursive)
/Applications/STM32CubeIDE.app/Contents/Eclipse/plugins/com.st.stm32cube.ide.mcu.externaltools.gnu-tools-for-stm32.13.3.rel1.macos64_1.0.0.202411102158/tools/bin/../lib/gcc/arm-none-eabi/13.3.1/../../../../arm-none-eabi/lib/thumb/v7e-m+fp/hard/libc_nano.a(libc_a-impure.o)
                              /Applications/STM32CubeIDE.app/Contents/Eclipse/plugins/com.st.stm32cube.ide.mcu.externaltools.gnu-tools-for-stm32.13.3.rel1.macos64_1.0.0.202411102158/tools/bin/../lib/gcc/arm-none-eabi/13.3.1/../../../../arm-none-eabi/lib/thumb/v7e-m+fp/hard/libc_nano.a(libc_a-findfp.o) (_impure_data)
/Applications/STM32CubeIDE.app/Contents/Eclipse/plugins/com.st.stm32cube.ide.mcu.externaltools.gnu-tools-for-stm32.13.3.rel1.macos64_1.0.0.202411102158/tools/bin/../lib/gcc/arm-none-eabi/13.3.1/../../../../arm-none-eabi/lib/thumb/v7e-m+fp/hard/libc_nano.a(libc_a-mallocr.o)
                              /Applications/STM32CubeIDE.app/Contents/Eclipse/plugins/com.st.stm32cube.ide.mcu.externaltools.gnu-tools-for-stm32.13.3.rel1.macos64_1.0.0.202411102158/tools/bin/../lib/gcc/arm-none-eabi/13.3.1/../../../../arm-none-eabi/lib/thumb/v7e-m+fp/hard/libc_nano.a(libc_a-findfp.o) (_malloc_r)
[...]
Memory Configuration

Name             Origin             Length             Attributes
RAM              0x20000000         0x00020000         xrw
FLASH            0x08000000         0x00080000         xr
*default*        0x00000000         0xffffffff

Linker script and memory map

LOAD /Applications/STM32CubeIDE.app/Contents/Eclipse/plugins/com.st.stm32cube.ide.mcu.externaltools.gnu-tools-for-stm32.13.3.rel1.macos64_1.0.0.202411102158/tools/bin/../lib/gcc/arm-none-eabi/13.3.1/thumb/v7e-m+fp/hard/crti.o
LOAD /Applications/STM32CubeIDE.app/Contents/Eclipse/plugins/com.st.stm32cube.ide.mcu.externaltools.gnu-tools-for-stm32.13.3.rel1.macos64_1.0.0.202411102158/tools/bin/../lib/gcc/arm-none-eabi/13.3.1/thumb/v7e-m+fp/hard/crtbegin.o
LOAD /Applications/STM32CubeIDE.app/Contents/Eclipse/plugins/com.st.stm32cube.ide.mcu.externaltools.gnu-tools-for-stm32.13.3.rel1.macos64_1.0.0.202411102158/tools/bin/../lib/gcc/arm-none-eabi/13.3.1/../../../../arm-none-eabi/lib/thumb/v7e-m+fp/hard/crt0.o
START GROUP
LOAD /Applications/STM32CubeIDE.app/Contents/Eclipse/plugins/com.st.stm32cube.ide.mcu.externaltools.gnu-tools-for-stm32.13.3.rel1.macos64_1.0.0.202411102158/tools/bin/../lib/gcc/arm-none-eabi/13.3.1/../../../../arm-none-eabi/lib/thumb/v7e-m+fp/hard/libc_nano.a
LOAD /Applications/STM32CubeIDE.app/Contents/Eclipse/plugins/com.st.stm32cube.ide.mcu.externaltools.gnu-tools-for-stm32.13.3.rel1.macos64_1.0.0.202411102158/tools/bin/../lib/gcc/arm-none-eabi/13.3.1/../../../../arm-none-eabi/lib/thumb/v7e-m+fp/hard/libm.a
END GROUP
LOAD cmake/stm32cubemx/CMakeFiles/STM32_Drivers.dir/__/__/Core/Src/system_stm32f4xx.c.obj
LOAD cmake/stm32cubemx/CMakeFiles/STM32_Drivers.dir/__/__/Drivers/STM32F4xx_HAL_Driver/Src/stm32f4xx_hal_tim.c.obj
LOAD cmake/stm32cubemx/CMakeFiles/STM32_Drivers.dir/__/__/Drivers/STM32F4xx_HAL_Driver/Src/stm32f4xx_hal_tim_ex.c.obj
LOAD cmake/stm32cubemx/CMakeFiles/STM32_Drivers.dir/__/__/Drivers/STM32F4xx_HAL_Driver/Src/stm32f4xx_hal_fmpi2c.c.obj
LOAD cmake/stm32cubemx/CMakeFiles/STM32_Drivers.dir/__/__/Drivers/STM32F4xx_HAL_Driver/Src/stm32f4xx_hal_fmpi2c_ex.c.obj
LOAD cmake/stm32cubemx/CMakeFiles/STM32_Drivers.dir/__/__/Drivers/STM32F4xx_HAL_Driver/Src/stm32f4xx_hal_rcc.c.obj
LOAD cmake/stm32cubemx/CMakeFiles/STM32_Drivers.dir/__/__/Drivers/STM32F4xx_HAL_Driver/Src/stm32f4xx_hal_rcc_ex.c.obj
LOAD cmake/stm32cubemx/CMakeFiles/STM32_Drivers.dir/__/__/Drivers/STM32F4xx_HAL_Driver/Src/stm32f4xx_hal_flash.c.obj
LOAD cmake/stm32cubemx/CMakeFiles/STM32_Drivers.dir/__/__/Drivers/STM32F4xx_HAL_Driver/Src/stm32f4xx_hal_flash_ex.c.obj
LOAD cmake/stm32cubemx/CMakeFiles/STM32_Drivers.dir/__/__/Drivers/STM32F4xx_HAL_Driver/Src/stm32f4xx_hal_flash_ramfunc.c.obj
LOAD cmake/stm32cubemx/CMakeFiles/STM32_Drivers.dir/__/__/Drivers/STM32F4xx_HAL_Driver/Src/stm32f4xx_hal_gpio.c.obj
LOAD cmake/stm32cubemx/CMakeFiles/STM32_Drivers.dir/__/__/Drivers/STM32F4xx_HAL_Driver/Src/stm32f4xx_hal_dma_ex.c.obj
LOAD cmake/stm32cubemx/CMakeFiles/STM32_Drivers.dir/__/__/Drivers/STM32F4xx_HAL_Driver/Src/stm32f4xx_hal_dma.c.obj
LOAD cmake/stm32cubemx/CMakeFiles/STM32_Drivers.dir/__/__/Drivers/STM32F4xx_HAL_Driver/Src/stm32f4xx_hal_pwr.c.obj
LOAD cmake/stm32cubemx/CMakeFiles/STM32_Drivers.dir/__/__/Drivers/STM32F4xx_HAL_Driver/Src/stm32f4xx_hal_pwr_ex.c.obj
LOAD cmake/stm32cubemx/CMakeFiles/STM32_Drivers.dir/__/__/Drivers/STM32F4xx_HAL_Driver/Src/stm32f4xx_hal_cortex.c.obj
LOAD cmake/stm32cubemx/CMakeFiles/STM32_Drivers.dir/__/__/Drivers/STM32F4xx_HAL_Driver/Src/stm32f4xx_hal.c.obj
LOAD cmake/stm32cubemx/CMakeFiles/STM32_Drivers.dir/__/__/Drivers/STM32F4xx_HAL_Driver/Src/stm32f4xx_hal_exti.c.obj
LOAD cmake/stm32cubemx/CMakeFiles/STM32_Drivers.dir/__/__/Drivers/STM32F4xx_HAL_Driver/Src/stm32f4xx_hal_uart.c.obj
LOAD cmake/stm32cubemx/CMakeFiles/FreeRTOS.dir/__/__/Middlewares/Third_Party/FreeRTOS/Source/croutine.c.obj
LOAD cmake/stm32cubemx/CMakeFiles/FreeRTOS.dir/__/__/Middlewares/Third_Party/FreeRTOS/Source/event_groups.c.obj
LOAD cmake/stm32cubemx/CMakeFiles/FreeRTOS.dir/__/__/Middlewares/Third_Party/FreeRTOS/Source/list.c.obj
LOAD cmake/stm32cubemx/CMakeFiles/FreeRTOS.dir/__/__/Middlewares/Third_Party/FreeRTOS/Source/queue.c.obj
LOAD cmake/stm32cubemx/CMakeFiles/FreeRTOS.dir/__/__/Middlewares/Third_Party/FreeRTOS/Source/stream_buffer.c.obj
LOAD cmake/stm32cubemx/CMakeFiles/FreeRTOS.dir/__/__/Middlewares/Third_Party/FreeRTOS/Source/tasks.c.obj
LOAD cmake/stm32cubemx/CMakeFiles/FreeRTOS.dir/__/__/Middlewares/Third_Party/FreeRTOS/Source/timers.c.obj
LOAD cmake/stm32cubemx/CMakeFiles/FreeRTOS.dir/__/__/Middlewares/Third_Party/FreeRTOS/Source/CMSIS_RTOS_V2/cmsis_os2.c.obj
LOAD cmake/stm32cubemx/CMakeFiles/FreeRTOS.dir/__/__/Middlewares/Third_Party/FreeRTOS/Source/portable/MemMang/heap_4.c.obj
LOAD cmake/stm32cubemx/CMakeFiles/FreeRTOS.dir/__/__/Middlewares/Third_Party/FreeRTOS/Source/portable/GCC/ARM_CM4F/port.c.obj
LOAD CMakeFiles/PROJECT_MPU6050.dir/Core/Src/main.c.obj
LOAD CMakeFiles/PROJECT_MPU6050.dir/Core/Src/freertos.c.obj
LOAD CMakeFiles/PROJECT_MPU6050.dir/Core/Src/stm32f4xx_it.c.obj
LOAD CMakeFiles/PROJECT_MPU6050.dir/Core/Src/stm32f4xx_hal_msp.c.obj
LOAD CMakeFiles/PROJECT_MPU6050.dir/Core/Src/stm32f4xx_hal_timebase_tim.c.obj
LOAD CMakeFiles/PROJECT_MPU6050.dir/Core/Src/sysmem.c.obj
LOAD CMakeFiles/PROJECT_MPU6050.dir/Core/Src/syscalls.c.obj
LOAD CMakeFiles/PROJECT_MPU6050.dir/startup_stm32f446xx.s.obj
LOAD CMakeFiles/PROJECT_MPU6050.dir/Core/Src/app_callback.c.obj
LOAD CMakeFiles/PROJECT_MPU6050.dir/Core/Src/mpu6050.c.obj
LOAD CMakeFiles/PROJECT_MPU6050.dir/Core/Src/kalman_filter.c.obj
LOAD CMakeFiles/PROJECT_MPU6050.dir/Core/Src/lcd.c.obj
START GROUP
LOAD /Applications/STM32CubeIDE.app/Contents/Eclipse/plugins/com.st.stm32cube.ide.mcu.externaltools.gnu-tools-for-stm32.13.3.rel1.macos64_1.0.0.202411102158/tools/bin/../lib/gcc/arm-none-eabi/13.3.1/thumb/v7e-m+fp/hard/libgcc.a
LOAD /Applications/STM32CubeIDE.app/Contents/Eclipse/plugins/com.st.stm32cube.ide.mcu.externaltools.gnu-tools-for-stm32.13.3.rel1.macos64_1.0.0.202411102158/tools/bin/../lib/gcc/arm-none-eabi/13.3.1/../../../../arm-none-eabi/lib/thumb/v7e-m+fp/hard/libg_nano.a
LOAD /Applications/STM32CubeIDE.app/Contents/Eclipse/plugins/com.st.stm32cube.ide.mcu.externaltools.gnu-tools-for-stm32.13.3.rel1.macos64_1.0.0.202411102158/tools/bin/../lib/gcc/arm-none-eabi/13.3.1/../../../../arm-none-eabi/lib/thumb/v7e-m+fp/hard/libc_nano.a
END GROUP
START GROUP
LOAD /Applications/STM32CubeIDE.app/Contents/Eclipse/plugins/com.st.stm32cube.ide.mcu.externaltools.gnu-tools-for-stm32.13.3.rel1.macos64_1.0.0.202411102158/tools/bin/../lib/gcc/arm-none-eabi/13.3.1/thumb/v7e-m+fp/hard/libgcc.a
LOAD /Applications/STM32CubeIDE.app/Contents/Eclipse/plugins/com.st.stm32cube.ide.mcu.externaltools.gnu-tools-for-stm32.13.3.rel1.macos64_1.0.0.202411102158/tools/bin/../lib/gcc/arm-none-eabi/13.3.1/../../../../arm-none-eabi/lib/thumb/v7e-m+fp/hard/libc_nano.a
END GROUP
LOAD /Applications/STM32CubeIDE.app/Contents/Eclipse/plugins/com.st.stm32cube.ide.mcu.externaltools.gnu-tools-for-stm32.13.3.rel1.macos64_1.0.0.202411102158/tools/bin/../lib/gcc/arm-none-eabi/13.3.1/thumb/v7e-m+fp/hard/crtend.o
LOAD /Applications/STM32CubeIDE.app/Contents/Eclipse/plugins/com.st.stm32cube.ide.mcu.externaltools.gnu-tools-for-stm32.13.3.rel1.macos64_1.0.0.202411102158/tools/bin/../lib/gcc/arm-none-eabi/13.3.1/thumb/v7e-m+fp/hard/crtn.o
                0x20020000                        _estack = (ORIGIN (RAM) + LENGTH (RAM))
                0x00000200                        _Min_Heap_Size = 0x200
                0x00000400                        _Min_Stack_Size = 0x400

.isr_vector     0x08000000      0x1c4
                0x08000000                        . = ALIGN (0x4)
 *(.isr_vector)
 .isr_vector    0x08000000      0x1c4 CMakeFiles/PROJECT_MPU6050.dir/startup_stm32f446xx.s.obj
                0x08000000                g_pfnVectors
                0x080001c4                        . = ALIGN (0x4)

.text           0x080001d0     0xab54
                0x080001d0                        . = ALIGN (0x4)
 *(.text)
 .text          0x080001d0       0x40 /Applications/STM32CubeIDE.app/Contents/Eclipse/plugins/com.st.stm32cube.ide.mcu.externaltools.gnu-tools-for-stm32.13.3.rel1.macos64_1.0.0.202411102158/tools/bin/../lib/gcc/arm-none-eabi/13.3.1/thumb/v7e-m+fp/hard/crtbegin.o
 .text          0x08000210      0x378 /Applications/STM32CubeIDE.app/Contents/Eclipse/plugins/com.st.stm32cube.ide.mcu.externaltools.gnu-tools-for-stm32.13.3.rel1.macos64_1.0.0.202411102158/tools/bin/../lib/gcc/arm-none-eabi/13.3.1/thumb/v7e-m+fp/hard/libgcc.a(_arm_addsubdf3.o)
                0x08000210                __aeabi_drsub
                0x08000218                __subdf3
                0x08000218                __aeabi_dsub
                0x0800021c                __aeabi_dadd
                0x0800021c                __adddf3
                0x08000494                __aeabi_ui2d
                0x08000494                __floatunsidf
                0x080004b4                __floatsidf
                0x080004b4                __aeabi_i2d
                0x080004d8                __extendsfdf2
                0x080004d8                __aeabi_f2d
                0x0800051c                __aeabi_ul2d
                0x0800051c                __floatundidf
                0x0800052c                __aeabi_l2d
                0x0800052c                __floatdidf
 .text          0x08000588       0x50 /Applications/STM32CubeIDE.app/Contents/Eclipse/plugins/com.st.stm32cube.ide.mcu.externaltools.gnu-tools-for-stm32.13.3.rel1.macos64_1.0.0.202411102158/tools/bin/../lib/gcc/arm-none-eabi/13.3.1/thumb/v7e-m+fp/hard/libgcc.a(_arm_fixdfsi.o)
                0x08000588                __fixdfsi
                0x08000588                __aeabi_d2iz
 .text          0x080005d8       0x30 /Applications/STM32CubeIDE.app/Contents/Eclipse/plugins/com.st.stm32cube.ide.mcu.externaltools.gnu-tools-for-stm32.13.3.rel1.macos64_1.0.0.202411102158/tools/bin/../lib/gcc/arm-none-eabi/13.3.1/thumb/v7e-m+fp/hard/libgcc.a(_aeabi_uldivmod.o)
                0x080005d8                __aeabi_uldivmod
 .text          0x08000608      0x2f8 /Applications/STM32CubeIDE.app/Contents/Eclipse/plugins/com.st.stm32cube.ide.mcu.externaltools.gnu-tools-for-stm32.13.3.rel1.macos64_1.0.0.202411102158/tools/bin/../lib/gcc/arm-none-eabi/13.3.1/thumb/v7e-m+fp/hard/libgcc.a(_udivmoddi4.o)
                0x08000608                __udivmoddi4
 .text          0x08000900        0x4 /Applications/STM32CubeIDE.app/Contents/Eclipse/plugins/com.st.stm32cube.ide.mcu.externaltools.gnu-tools-for-stm32.13.3.rel1.macos64_1.0.0.202411102158/tools/bin/../lib/gcc/arm-none-eabi/13.3.1/thumb/v7e-m+fp/hard/libgcc.a(_dvmd_tls.o)
                0x08000900                __aeabi_ldiv0
                0x08000900                __aeabi_idiv0
 .text          0x08000904       0x10 /Applications/STM32CubeIDE.app/Contents/Eclipse/plugins/com.st.stm32cube.ide.mcu.externaltools.gnu-tools-for-stm32.13.3.rel1.macos64_1.0.0.202411102158/tools/bin/../lib/gcc/arm-none-eabi/13.3.1/../../../../arm-none-eabi/lib/thumb/v7e-m+fp/hard/libg_nano.a(libc_a-strlen.o)
                0x08000904                strlen
 *fill*         0x08000914        0xc 
 .text          0x08000920       0xa0 /Applications/STM32CubeIDE.app/Contents/Eclipse/plugins/com.st.stm32cube.ide.mcu.externaltools.gnu-tools-for-stm32.13.3.rel1.macos64_1.0.0.202411102158/tools/bin/../lib/gcc/arm-none-eabi/13.3.1/../../../../arm-none-eabi/lib/thumb/v7e-m+fp/hard/libg_nano.a(libc_a-memchr.o)
                0x08000920                memchr
 .text          0x080009c0      0x424 /Applications/STM32CubeIDE.app/Contents/Eclipse/plugins/com.st.stm32cube.ide.mcu.externaltools.gnu-tools-for-stm32.13.3.rel1.macos64_1.0.0.202411102158/tools/bin/../lib/gcc/arm-none-eabi/13.3.1/thumb/v7e-m+fp/hard/libgcc.a(_arm_muldivdf3.o)
                0x080009c0                __aeabi_dmul
                0x080009c0                __muldf3
                0x08000c14                __aeabi_ddiv
                0x08000c14                __divdf3
 .text          0x08000de4      0x110 /Applications/STM32CubeIDE.app/Contents/Eclipse/plugins/com.st.stm32cube.ide.mcu.externaltools.gnu-tools-for-stm32.13.3.rel1.macos64_1.0.0.202411102158/tools/bin/../lib/gcc/arm-none-eabi/13.3.1/thumb/v7e-m+fp/hard/libgcc.a(_arm_cmpdf2.o)
                0x08000de4                __gedf2
                0x08000de4                __gtdf2
                0x08000dec                __ledf2
                0x08000dec                __ltdf2
                0x08000df4                __cmpdf2
                0x08000df4                __eqdf2
                0x08000df4                __nedf2
                0x08000e70                __aeabi_cdrcmple
                0x08000e80                __aeabi_cdcmple
                0x08000e80                __aeabi_cdcmpeq
                0x08000e90                __aeabi_dcmpeq
                0x08000ea4                __aeabi_dcmplt
                0x08000eb8                __aeabi_dcmple
                0x08000ecc                __aeabi_dcmpge
                0x08000ee0                __aeabi_dcmpgt
 .text          0x08000ef4       0x2c /Applications/STM32CubeIDE.app/Contents/Eclipse/plugins/com.st.stm32cube.ide.mcu.externaltools.gnu-tools-for-stm32.13.3.rel1.macos64_1.0.0.202411102158/tools/bin/../lib/gcc/arm-none-eabi/13.3.1/thumb/v7e-m+fp/hard/libgcc.a(_arm_unorddf2.o)
                0x08000ef4                __aeabi_dcmpun
                0x08000ef4                __unorddf2
 *(.text*)
 .text.std      0x08000f20       0x6c /Applications/STM32CubeIDE.app/Contents/Eclipse/plugins/com.st.stm32cube.ide.mcu.externaltools.gnu-tools-for-stm32.13.3.rel1.macos64_1.0.0.202411102158/tools/bin/../lib/gcc/arm-none-eabi/13.3.1/../../../../arm-none-eabi/lib/thumb/v7e-m+fp/hard/libc_nano.a(libc_a-findfp.o)
 .text.stdio_exit_handler
                0x08000f8c       0x18 /Applications/STM32CubeIDE.app/Contents/Eclipse/plugins/com.st.stm32cube.ide.mcu.externaltools.gnu-tools-for-stm32.13.3.rel1.macos64_1.0.0.202411102158/tools/bin/../lib/gcc/arm-none-eabi/13.3.1/../../../../arm-none-eabi/lib/thumb/v7e-m+fp/hard/libc_nano.a(libc_a-findfp.o)
 .text.cleanup_stdio
                0x08000fa4       0x40 /Applications/STM32CubeIDE.app/Contents/Eclipse/plugins/com.st.stm32cube.ide.mcu.externaltools.gnu-tools-for-stm32.13.3.rel1.macos64_1.0.0.202411102158/tools/bin/../lib/gcc/arm-none-eabi/13.3.1/../../../../arm-none-eabi/lib/thumb/v7e-m+fp/hard/libc_nano.a(libc_a-findfp.o)
 .text.global_stdio_init.part.0
                0x08000fe4       0x3c /Applications/STM32CubeIDE.app/Contents/Eclipse/plugins/com.st.stm32cube.ide.mcu.externaltools.gnu-tools-for-stm32.13.3.rel1.macos64_1.0.0.202411102158/tools/bin/../lib/gcc/arm-none-eabi/13.3.1/../../../../arm-none-eabi/lib/thumb/v7e-m+fp/hard/libc_nano.a(libc_a-findfp.o)
 .text.__sfp_lock_acquire
                0x08001020        0xc /Applications/STM32CubeIDE.app/Contents/Eclipse/plugins/com.st.stm32cube.ide.mcu.externaltools.gnu-tools-for-stm32.13.3.rel1.macos64_1.0.0.202411102158/tools/bin/../lib/gcc/arm-none-eabi/13.3.1/../../../../arm-none-eabi/lib/thumb/v7e-m+fp/hard/libc_nano.a(libc_a-findfp.o)
                0x08001020                __sfp_lock_acquire
 .text.__sfp_lock_release
                0x0800102c        0xc /Applications/STM32CubeIDE.app/Contents/Eclipse/plugins/com.st.stm32cube.ide.mcu.externaltools.gnu-tools-for-stm32.13.3.rel1.macos64_1.0.0.202411102158/tools/bin/../lib/gcc/arm-none-eabi/13.3.1/../../../../arm-none-eabi/lib/thumb/v7e-m+fp/hard/libc_nano.a(libc_a-findfp.o)
                0x0800102c                __sfp_lock_release
 .text.__sinit  0x08001038       0x30 /Applications/STM32CubeIDE.app/Contents/Eclipse/plugins/com.st.stm32cube.ide.mcu.externaltools.gnu-tools-for-stm32.13.3.rel1.macos64_1.0.0.202411102158/tools/bin/../lib/gcc/arm-none-eabi/13.3.1/../../../../arm-none-eabi/lib/thumb/v7e-m+fp/hard/libc_nano.a(libc_a-findfp.o)
                0x08001038                __sinit
 .text._fwalk_sglue
                0x08001068       0x3c /Applications/STM32CubeIDE.app/Contents/Eclipse/plugins/com.st.stm32cube.ide.mcu.externaltools.gnu-tools-for-stm32.13.3.rel1.macos64_1.0.0.202411102158/tools/bin/../lib/gcc/arm-none-eabi/13.3.1/../../../../arm-none-eabi/lib/thumb/v7e-m+fp/hard/libc_nano.a(libc_a-fwalk.o)
                0x08001068                _fwalk_sglue
 .text.memset   0x080010a4       0x10 /Applications/STM32CubeIDE.app/Contents/Eclipse/plugins/com.st.stm32cube.ide.mcu.externaltools.gnu-tools-for-stm32.13.3.rel1.macos64_1.0.0.202411102158/tools/bin/../lib/gcc/arm-none-eabi/13.3.1/../../../../arm-none-eabi/lib/thumb/v7e-m+fp/hard/libc_nano.a(libc_a-memset.o)
                0x080010a4                memset
 .text.__libc_init_array
                0x080010b4       0x48 /Applications/STM32CubeIDE.app/Contents/Eclipse/plugins/com.st.stm32cube.ide.mcu.externaltools.gnu-tools-for-stm32.13.3.rel1.macos64_1.0.0.202411102158/tools/bin/../lib/gcc/arm-none-eabi/13.3.1/../../../../arm-none-eabi/lib/thumb/v7e-m+fp/hard/libc_nano.a(libc_a-init.o)
                0x080010b4                __libc_init_array
 .text.__retarget_lock_init_recursive
                0x080010fc        0x2 /Applications/STM32CubeIDE.app/Contents/Eclipse/plugins/com.st.stm32cube.ide.mcu.externaltools.gnu-tools-for-stm32.13.3.rel1.macos64_1.0.0.202411102158/tools/bin/../lib/gcc/arm-none-eabi/13.3.1/../../../../arm-none-eabi/lib/thumb/v7e-m+fp/hard/libc_nano.a(libc_a-lock.o)
                0x080010fc                __retarget_lock_init_recursive
 .text.__retarget_lock_acquire_recursive
                0x080010fe        0x2 /Applications/STM32CubeIDE.app/Contents/Eclipse/plugins/com.st.stm32cube.ide.mcu.externaltools.gnu-tools-for-stm32.13.3.rel1.macos64_1.0.0.202411102158/tools/bin/../lib/gcc/arm-none-eabi/13.3.1/../../../../arm-none-eabi/lib/thumb/v7e-m+fp/hard/libc_nano.a(libc_a-lock.o)
                0x080010fe                __retarget_lock_acquire_recursive
 .text.__retarget_lock_release_recursive
                0x08001100        0x2 /Applications/STM32CubeIDE.app/Contents/Eclipse/plugins/com.st.stm32cube.ide.mcu.externaltools.gnu-tools-for-stm32.13.3.rel1.macos64_1.0.0.202411102158/tools/bin/../lib/gcc/arm-none-eabi/13.3.1/../../../../arm-none-eabi/lib/thumb/v7e-m+fp/hard/libc_nano.a(libc_a-lock.o)
                0x08001100                __retarget_lock_release_recursive
 *fill*         0x08001102        0x2 
 .text.sbrk_aligned
                0x08001104       0x44 /Applications/STM32CubeIDE.app/Contents/Eclipse/plugins/com.st.stm32cube.ide.mcu.externaltools.gnu-tools-for-stm32.13.3.rel1.macos64_1.0.0.202411102158/tools/bin/../lib/gcc/arm-none-eabi/13.3.1/../../../../arm-none-eabi/lib/thumb/v7e-m+fp/hard/libc_nano.a(libc_a-mallocr.o)
 .text._malloc_r
                0x08001148      0x100 /Applications/STM32CubeIDE.app/Contents/Eclipse/plugins/com.st.stm32cube.ide.mcu.externaltools.gnu-tools-for-stm32.13.3.rel1.macos64_1.0.0.202411102158/tools/bin/../lib/gcc/arm-none-eabi/13.3.1/../../../../arm-none-eabi/lib/thumb/v7e-m+fp/hard/libc_nano.a(libc_a-mallocr.o)
                0x08001148                _malloc_r
 .text.__sflush_r
                0x08001248      0x108 /Applications/STM32CubeIDE.app/Contents/Eclipse/plugins/com.st.stm32cube.ide.mcu.externaltools.gnu-tools-for-stm32.13.3.rel1.macos64_1.0.0.202411102158/tools/bin/../lib/gcc/arm-none-eabi/13.3.1/../../../../arm-none-eabi/lib/thumb/v7e-m+fp/hard/libc_nano.a(libc_a-fflush.o)
                0x08001248                __sflush_r
 .text._fflush_r
                0x08001350       0x50 /Applications/STM32CubeIDE.app/Contents/Eclipse/plugins/com.st.stm32cube.ide.mcu.externaltools.gnu-tools-for-stm32.13.3.rel1.macos64_1.0.0.202411102158/tools/bin/../lib/gcc/arm-none-eabi/13.3.1/../../../../arm-none-eabi/lib/thumb/v7e-m+fp/hard/libc_nano.a(libc_a-fflush.o)
                0x08001350                _fflush_r
 .text.__malloc_lock
                0x080013a0        0xc /Applications/STM32CubeIDE.app/Contents/Eclipse/plugins/com.st.stm32cube.ide.mcu.externaltools.gnu-tools-for-stm32.13.3.rel1.macos64_1.0.0.202411102158/tools/bin/../lib/gcc/arm-none-eabi/13.3.1/../../../../arm-none-eabi/lib/thumb/v7e-m+fp/hard/libc_nano.a(libc_a-mlock.o)
                0x080013a0                __malloc_lock
 .text.__malloc_unlock
                0x080013ac        0xc /Applications/STM32CubeIDE.app/Contents/Eclipse/plugins/com.st.stm32cube.ide.mcu.externaltools.gnu-tools-for-stm32.13.3.rel1.macos64_1.0.0.202411102158/tools/bin/../lib/gcc/arm-none-eabi/13.3.1/../../../../arm-none-eabi/lib/thumb/v7e-m+fp/hard/libc_nano.a(libc_a-mlock.o)
                0x080013ac                __malloc_unlock
 .text.__sread  0x080013b8       0x22 /Applications/STM32CubeIDE.app/Contents/Eclipse/plugins/com.st.stm32cube.ide.mcu.externaltools.gnu-tools-for-stm32.13.3.rel1.macos64_1.0.0.202411102158/tools/bin/../lib/gcc/arm-none-eabi/13.3.1/../../../../arm-none-eabi/lib/thumb/v7e-m+fp/hard/libc_nano.a(libc_a-stdio.o)
                0x080013b8                __sread
 .text.__swrite
                0x080013da       0x38 /Applications/STM32CubeIDE.app/Contents/Eclipse/plugins/com.st.stm32cube.ide.mcu.externaltools.gnu-tools-for-stm32.13.3.rel1.macos64_1.0.0.202411102158/tools/bin/../lib/gcc/arm-none-eabi/13.3.1/../../../../arm-none-eabi/lib/thumb/v7e-m+fp/hard/libc_nano.a(libc_a-stdio.o)
                0x080013da                __swrite
 .text.__sseek  0x08001412       0x24 /Applications/STM32CubeIDE.app/Contents/Eclipse/plugins/com.st.stm32cube.ide.mcu.externaltools.gnu-tools-for-stm32.13.3.rel1.macos64_1.0.0.202411102158/tools/bin/../lib/gcc/arm-none-eabi/13.3.1/../../../../arm-none-eabi/lib/thumb/v7e-m+fp/hard/libc_nano.a(libc_a-stdio.o)
                0x08001412                __sseek
 .text.__sclose
                0x08001436        0x8 /Applications/STM32CubeIDE.app/Contents/Eclipse/plugins/com.st.stm32cube.ide.mcu.externaltools.gnu-tools-for-stm32.13.3.rel1.macos64_1.0.0.202411102158/tools/bin/../lib/gcc/arm-none-eabi/13.3.1/../../../../arm-none-eabi/lib/thumb/v7e-m+fp/hard/libc_nano.a(libc_a-stdio.o)
                0x08001436                __sclose
 *fill*         0x0800143e        0x2 
 .text._lseek_r
                0x08001440       0x24 /Applications/STM32CubeIDE.app/Contents/Eclipse/plugins/com.st.stm32cube.ide.mcu.externaltools.gnu-tools-for-stm32.13.3.rel1.macos64_1.0.0.202411102158/tools/bin/../lib/gcc/arm-none-eabi/13.3.1/../../../../arm-none-eabi/lib/thumb/v7e-m+fp/hard/libc_nano.a(libc_a-lseekr.o)
                0x08001440                _lseek_r
 .text._read_r  0x08001464       0x24 /Applications/STM32CubeIDE.app/Contents/Eclipse/plugins/com.st.stm32cube.ide.mcu.externaltools.gnu-tools-for-stm32.13.3.rel1.macos64_1.0.0.202411102158/tools/bin/../lib/gcc/arm-none-eabi/13.3.1/../../../../arm-none-eabi/lib/thumb/v7e-m+fp/hard/libc_nano.a(libc_a-readr.o)
                0x08001464                _read_r
 .text._sbrk_r  0x08001488       0x20 /Applications/STM32CubeIDE.app/Contents/Eclipse/plugins/com.st.stm32cube.ide.mcu.externaltools.gnu-tools-for-stm32.13.3.rel1.macos64_1.0.0.202411102158/tools/bin/../lib/gcc/arm-none-eabi/13.3.1/../../../../arm-none-eabi/lib/thumb/v7e-m+fp/hard/libc_nano.a(libc_a-sbrkr.o)
                0x08001488                _sbrk_r
 .text._write_r
                0x080014a8       0x24 /Applications/STM32CubeIDE.app/Contents/Eclipse/plugins/com.st.stm32cube.ide.mcu.externaltools.gnu-tools-for-stm32.13.3.rel1.macos64_1.0.0.202411102158/tools/bin/../lib/gcc/arm-none-eabi/13.3.1/../../../../arm-none-eabi/lib/thumb/v7e-m+fp/hard/libc_nano.a(libc_a-writer.o)
                0x080014a8                _write_r
 .text._close_r
                0x080014cc       0x20 /Applications/STM32CubeIDE.app/Contents/Eclipse/plugins/com.st.stm32cube.ide.mcu.externaltools.gnu-tools-for-stm32.13.3.rel1.macos64_1.0.0.202411102158/tools/bin/../lib/gcc/arm-none-eabi/13.3.1/../../../../arm-none-eabi/lib/thumb/v7e-m+fp/hard/libc_nano.a(libc_a-closer.o)
                0x080014cc                _close_r
 .text._reclaim_reent
                0x080014ec       0xbc /Applications/STM32CubeIDE.app/Contents/Eclipse/plugins/com.st.stm32cube.ide.mcu.externaltools.gnu-tools-for-stm32.13.3.rel1.macos64_1.0.0.202411102158/tools/bin/../lib/gcc/arm-none-eabi/13.3.1/../../../../arm-none-eabi/lib/thumb/v7e-m+fp/hard/libc_nano.a(libc_a-reent.o)
                0x080014ec                _reclaim_reent
 .text._free_r  0x080015a8       0x94 /Applications/STM32CubeIDE.app/Contents/Eclipse/plugins/com.st.stm32cube.ide.mcu.externaltools.gnu-tools-for-stm32.13.3.rel1.macos64_1.0.0.202411102158/tools/bin/../lib/gcc/arm-none-eabi/13.3.1/../../../../arm-none-eabi/lib/thumb/v7e-m+fp/hard/libc_nano.a(libc_a-freer.o)
                0x080015a8                _free_r
 .text.SystemInit
                0x0800163c       0x24 cmake/stm32cubemx/CMakeFiles/STM32_Drivers.dir/__/__/Core/Src/system_stm32f4xx.c.obj
                0x0800163c                SystemInit
 .text.HAL_TIM_Base_Init
                0x08001660       0x9e cmake/stm32cubemx/CMakeFiles/STM32_Drivers.dir/__/__/Drivers/STM32F4xx_HAL_Driver/Src/stm32f4xx_hal_tim.c.obj
                0x08001660                HAL_TIM_Base_Init
 *fill*         0x080016fe        0x2 
 .text.HAL_TIM_Base_Start_IT
                0x08001700       0xe0 cmake/stm32cubemx/CMakeFiles/STM32_Drivers.dir/__/__/Drivers/STM32F4xx_HAL_Driver/Src/stm32f4xx_hal_tim.c.obj
                0x08001700                HAL_TIM_Base_Start_IT
 .text.HAL_TIM_PWM_Init
                0x080017e0       0x9e cmake/stm32cubemx/CMakeFiles/STM32_Drivers.dir/__/__/Drivers/STM32F4xx_HAL_Driver/Src/stm32f4xx_hal_tim.c.obj
                0x080017e0                HAL_TIM_PWM_Init
 .text.HAL_TIM_PWM_MspInit
                0x0800187e       0x14 cmake/stm32cubemx/CMakeFiles/STM32_Drivers.dir/__/__/Drivers/STM32F4xx_HAL_Driver/Src/stm32f4xx_hal_tim.c.obj
                0x0800187e                HAL_TIM_PWM_MspInit
 *fill*         0x08001892        0x2 
 .text.HAL_TIM_PWM_Start_IT
                0x08001894      0x22c cmake/stm32cubemx/CMakeFiles/STM32_Drivers.dir/__/__/Drivers/STM32F4xx_HAL_Driver/Src/stm32f4xx_hal_tim.c.obj
                0x08001894                HAL_TIM_PWM_Start_IT
 .text.HAL_TIM_IRQHandler
                0x08001ac0      0x1e0 cmake/stm32cubemx/CMakeFiles/STM32_Drivers.dir/__/__/Drivers/STM32F4xx_HAL_Driver/Src/stm32f4xx_hal_tim.c.obj
                0x08001ac0                HAL_TIM_IRQHandler
 .text.HAL_TIM_PWM_ConfigChannel
                0x08001ca0      0x184 cmake/stm32cubemx/CMakeFiles/STM32_Drivers.dir/__/__/Drivers/STM32F4xx_HAL_Driver/Src/stm32f4xx_hal_tim.c.obj
                0x08001ca0                HAL_TIM_PWM_ConfigChannel
 .text.HAL_TIM_ConfigClockSource
                0x08001e24      0x18e cmake/stm32cubemx/CMakeFiles/STM32_Drivers.dir/__/__/Drivers/STM32F4xx_HAL_Driver/Src/stm32f4xx_hal_tim.c.obj
                0x08001e24                HAL_TIM_ConfigClockSource
 .text.HAL_TIM_OC_DelayElapsedCallback
                0x08001fb2       0x14 cmake/stm32cubemx/CMakeFiles/STM32_Drivers.dir/__/__/Drivers/STM32F4xx_HAL_Driver/Src/stm32f4xx_hal_tim.c.obj
                0x08001fb2                HAL_TIM_OC_DelayElapsedCallback
 .text.HAL_TIM_IC_CaptureCallback
                0x08001fc6       0x14 cmake/stm32cubemx/CMakeFiles/STM32_Drivers.dir/__/__/Drivers/STM32F4xx_HAL_Driver/Src/stm32f4xx_hal_tim.c.obj
                0x08001fc6                HAL_TIM_IC_CaptureCallback
 .text.HAL_TIM_TriggerCallback
                0x08001fda       0x14 cmake/stm32cubemx/CMakeFiles/STM32_Drivers.dir/__/__/Drivers/STM32F4xx_HAL_Driver/Src/stm32f4xx_hal_tim.c.obj
                0x08001fda                HAL_TIM_TriggerCallback
 *fill*         0x08001fee        0x2 
 .text.TIM_Base_SetConfig
                0x08001ff0      0x14c cmake/stm32cubemx/CMakeFiles/STM32_Drivers.dir/__/__/Drivers/STM32F4xx_HAL_Driver/Src/stm32f4xx_hal_tim.c.obj
                0x08001ff0                TIM_Base_SetConfig
 .text.TIM_OC1_SetConfig
                0x0800213c       0xe0 cmake/stm32cubemx/CMakeFiles/STM32_Drivers.dir/__/__/Drivers/STM32F4xx_HAL_Driver/Src/stm32f4xx_hal_tim.c.obj
 .text.TIM_OC2_SetConfig
                0x0800221c       0xec cmake/stm32cubemx/CMakeFiles/STM32_Drivers.dir/__/__/Drivers/STM32F4xx_HAL_Driver/Src/stm32f4xx_hal_tim.c.obj
                0x0800221c                TIM_OC2_SetConfig
 .text.TIM_OC3_SetConfig
                0x08002308       0xe8 cmake/stm32cubemx/CMakeFiles/STM32_Drivers.dir/__/__/Drivers/STM32F4xx_HAL_Driver/Src/stm32f4xx_hal_tim.c.obj
 .text.TIM_OC4_SetConfig
                0x080023f0       0xac cmake/stm32cubemx/CMakeFiles/STM32_Drivers.dir/__/__/Drivers/STM32F4xx_HAL_Driver/Src/stm32f4xx_hal_tim.c.obj
 .text.TIM_TI1_ConfigInputStage
                0x0800249c       0x5e cmake/stm32cubemx/CMakeFiles/STM32_Drivers.dir/__/__/Drivers/STM32F4xx_HAL_Driver/Src/stm32f4xx_hal_tim.c.obj
 .text.TIM_TI2_ConfigInputStage
                0x080024fa       0x60 cmake/stm32cubemx/CMakeFiles/STM32_Drivers.dir/__/__/Drivers/STM32F4xx_HAL_Driver/Src/stm32f4xx_hal_tim.c.obj
 .text.TIM_ITRx_SetConfig
                0x0800255a       0x36 cmake/stm32cubemx/CMakeFiles/STM32_Drivers.dir/__/__/Drivers/STM32F4xx_HAL_Driver/Src/stm32f4xx_hal_tim.c.obj
 .text.TIM_ETR_SetConfig
                0x08002590       0x40 cmake/stm32cubemx/CMakeFiles/STM32_Drivers.dir/__/__/Drivers/STM32F4xx_HAL_Driver/Src/stm32f4xx_hal_tim.c.obj
                0x08002590                TIM_ETR_SetConfig
 .text.TIM_CCxChannelCmd
                0x080025d0       0x4a cmake/stm32cubemx/CMakeFiles/STM32_Drivers.dir/__/__/Drivers/STM32F4xx_HAL_Driver/Src/stm32f4xx_hal_tim.c.obj
                0x080025d0                TIM_CCxChannelCmd
 *fill*         0x0800261a        0x2 
 .text.HAL_TIMEx_MasterConfigSynchronization
                0x0800261c       0xf8 cmake/stm32cubemx/CMakeFiles/STM32_Drivers.dir/__/__/Drivers/STM32F4xx_HAL_Driver/Src/stm32f4xx_hal_tim_ex.c.obj
                0x0800261c                HAL_TIMEx_MasterConfigSynchronization
 .text.HAL_TIMEx_CommutCallback
                0x08002714       0x14 cmake/stm32cubemx/CMakeFiles/STM32_Drivers.dir/__/__/Drivers/STM32F4xx_HAL_Driver/Src/stm32f4xx_hal_tim_ex.c.obj
                0x08002714                HAL_TIMEx_CommutCallback
 .text.HAL_TIMEx_BreakCallback
                0x08002728       0x14 cmake/stm32cubemx/CMakeFiles/STM32_Drivers.dir/__/__/Drivers/STM32F4xx_HAL_Driver/Src/stm32f4xx_hal_tim_ex.c.obj
                0x08002728                HAL_TIMEx_BreakCallback
 .text.HAL_FMPI2C_Init
                0x0800273c      0x136 cmake/stm32cubemx/CMakeFiles/STM32_Drivers.dir/__/__/Drivers/STM32F4xx_HAL_Driver/Src/stm32f4xx_hal_fmpi2c.c.obj
                0x0800273c                HAL_FMPI2C_Init
 *fill*         0x08002872        0x2 
 .text.HAL_FMPI2C_Mem_Write
                0x08002874      0x228 cmake/stm32cubemx/CMakeFiles/STM32_Drivers.dir/__/__/Drivers/STM32F4xx_HAL_Driver/Src/stm32f4xx_hal_fmpi2c.c.obj
                0x08002874                HAL_FMPI2C_Mem_Write
 .text.HAL_FMPI2C_Mem_Read
                0x08002a9c      0x234 cmake/stm32cubemx/CMakeFiles/STM32_Drivers.dir/__/__/Drivers/STM32F4xx_HAL_Driver/Src/stm32f4xx_hal_fmpi2c.c.obj
                0x08002a9c                HAL_FMPI2C_Mem_Read
 .text.FMPI2C_RequestMemoryWrite
                0x08002cd0       0xa8 cmake/stm32cubemx/CMakeFiles/STM32_Drivers.dir/__/__/Drivers/STM32F4xx_HAL_Driver/Src/stm32f4xx_hal_fmpi2c.c.obj
 .text.FMPI2C_RequestMemoryRead
                0x08002d78       0xa8 cmake/stm32cubemx/CMakeFiles/STM32_Drivers.dir/__/__/Drivers/STM32F4xx_HAL_Driver/Src/stm32f4xx_hal_fmpi2c.c.obj
 .text.FMPI2C_Flush_TXDR
                0x08002e20       0x48 cmake/stm32cubemx/CMakeFiles/STM32_Drivers.dir/__/__/Drivers/STM32F4xx_HAL_Driver/Src/stm32f4xx_hal_fmpi2c.c.obj
 .text.FMPI2C_WaitOnFlagUntilTimeout
                0x08002e68       0xb2 cmake/stm32cubemx/CMakeFiles/STM32_Drivers.dir/__/__/Drivers/STM32F4xx_HAL_Driver/Src/stm32f4xx_hal_fmpi2c.c.obj
 .text.FMPI2C_WaitOnTXISFlagUntilTimeout
                0x08002f1a       0x8e cmake/stm32cubemx/CMakeFiles/STM32_Drivers.dir/__/__/Drivers/STM32F4xx_HAL_Driver/Src/stm32f4xx_hal_fmpi2c.c.obj
 .text.FMPI2C_WaitOnSTOPFlagUntilTimeout
                0x08002fa8       0x86 cmake/stm32cubemx/CMakeFiles/STM32_Drivers.dir/__/__/Drivers/STM32F4xx_HAL_Driver/Src/stm32f4xx_hal_fmpi2c.c.obj
 *fill*         0x0800302e        0x2 
 .text.FMPI2C_IsErrorOccurred
                0x08003030      0x1c0 cmake/stm32cubemx/CMakeFiles/STM32_Drivers.dir/__/__/Drivers/STM32F4xx_HAL_Driver/Src/stm32f4xx_hal_fmpi2c.c.obj
 .text.FMPI2C_TransferConfig
                0x080031f0       0x64 cmake/stm32cubemx/CMakeFiles/STM32_Drivers.dir/__/__/Drivers/STM32F4xx_HAL_Driver/Src/stm32f4xx_hal_fmpi2c.c.obj
 .text.HAL_FMPI2CEx_ConfigAnalogFilter
                0x08003254       0x96 cmake/stm32cubemx/CMakeFiles/STM32_Drivers.dir/__/__/Drivers/STM32F4xx_HAL_Driver/Src/stm32f4xx_hal_fmpi2c_ex.c.obj
                0x08003254                HAL_FMPI2CEx_ConfigAnalogFilter
 *fill*         0x080032ea        0x2 
 .text.HAL_RCC_ClockConfig
                0x080032ec      0x1cc cmake/stm32cubemx/CMakeFiles/STM32_Drivers.dir/__/__/Drivers/STM32F4xx_HAL_Driver/Src/stm32f4xx_hal_rcc.c.obj
                0x080032ec                HAL_RCC_ClockConfig
 .text.HAL_RCC_GetHCLKFreq
                0x080034b8       0x18 cmake/stm32cubemx/CMakeFiles/STM32_Drivers.dir/__/__/Drivers/STM32F4xx_HAL_Driver/Src/stm32f4xx_hal_rcc.c.obj
                0x080034b8                HAL_RCC_GetHCLKFreq
 .text.HAL_RCC_GetPCLK1Freq
                0x080034d0       0x28 cmake/stm32cubemx/CMakeFiles/STM32_Drivers.dir/__/__/Drivers/STM32F4xx_HAL_Driver/Src/stm32f4xx_hal_rcc.c.obj
                0x080034d0                HAL_RCC_GetPCLK1Freq
 .text.HAL_RCC_GetPCLK2Freq
                0x080034f8       0x28 cmake/stm32cubemx/CMakeFiles/STM32_Drivers.dir/__/__/Drivers/STM32F4xx_HAL_Driver/Src/stm32f4xx_hal_rcc.c.obj
                0x080034f8                HAL_RCC_GetPCLK2Freq
 .text.HAL_RCC_GetClockConfig
                0x08003520       0x64 cmake/stm32cubemx/CMakeFiles/STM32_Drivers.dir/__/__/Drivers/STM32F4xx_HAL_Driver/Src/stm32f4xx_hal_rcc.c.obj
                0x08003520                HAL_RCC_GetClockConfig
 .text.HAL_RCCEx_PeriphCLKConfig
                0x08003584      0x654 cmake/stm32cubemx/CMakeFiles/STM32_Drivers.dir/__/__/Drivers/STM32F4xx_HAL_Driver/Src/stm32f4xx_hal_rcc_ex.c.obj
                0x08003584                HAL_RCCEx_PeriphCLKConfig
 .text.HAL_RCC_GetSysClockFreq
                0x08003bd8      0x460 cmake/stm32cubemx/CMakeFiles/STM32_Drivers.dir/__/__/Drivers/STM32F4xx_HAL_Driver/Src/stm32f4xx_hal_rcc_ex.c.obj
                0x08003bd8                HAL_RCC_GetSysClockFreq
 .text.HAL_RCC_OscConfig
                0x08004038      0x53c cmake/stm32cubemx/CMakeFiles/STM32_Drivers.dir/__/__/Drivers/STM32F4xx_HAL_Driver/Src/stm32f4xx_hal_rcc_ex.c.obj
                0x08004038                HAL_RCC_OscConfig
 .text.HAL_GPIO_Init
                0x08004574      0x328 cmake/stm32cubemx/CMakeFiles/STM32_Drivers.dir/__/__/Drivers/STM32F4xx_HAL_Driver/Src/stm32f4xx_hal_gpio.c.obj
                0x08004574                HAL_GPIO_Init
 .text.HAL_GPIO_WritePin
                0x0800489c       0x32 cmake/stm32cubemx/CMakeFiles/STM32_Drivers.dir/__/__/Drivers/STM32F4xx_HAL_Driver/Src/stm32f4xx_hal_gpio.c.obj
                0x0800489c                HAL_GPIO_WritePin
 *fill*         0x080048ce        0x2 
 .text.HAL_GPIO_EXTI_IRQHandler
                0x080048d0       0x30 cmake/stm32cubemx/CMakeFiles/STM32_Drivers.dir/__/__/Drivers/STM32F4xx_HAL_Driver/Src/stm32f4xx_hal_gpio.c.obj
                0x080048d0                HAL_GPIO_EXTI_IRQHandler
 .text.__NVIC_SetPriorityGrouping
                0x08004900       0x48 cmake/stm32cubemx/CMakeFiles/STM32_Drivers.dir/__/__/Drivers/STM32F4xx_HAL_Driver/Src/stm32f4xx_hal_cortex.c.obj
 .text.__NVIC_GetPriorityGrouping
                0x08004948       0x1c cmake/stm32cubemx/CMakeFiles/STM32_Drivers.dir/__/__/Drivers/STM32F4xx_HAL_Driver/Src/stm32f4xx_hal_cortex.c.obj
 .text.__NVIC_EnableIRQ
                0x08004964       0x3c cmake/stm32cubemx/CMakeFiles/STM32_Drivers.dir/__/__/Drivers/STM32F4xx_HAL_Driver/Src/stm32f4xx_hal_cortex.c.obj
 .text.__NVIC_SetPriority
                0x080049a0       0x54 cmake/stm32cubemx/CMakeFiles/STM32_Drivers.dir/__/__/Drivers/STM32F4xx_HAL_Driver/Src/stm32f4xx_hal_cortex.c.obj
 .text.NVIC_EncodePriority
                0x080049f4       0x66 cmake/stm32cubemx/CMakeFiles/STM32_Drivers.dir/__/__/Drivers/STM32F4xx_HAL_Driver/Src/stm32f4xx_hal_cortex.c.obj
 .text.HAL_NVIC_SetPriorityGrouping
                0x08004a5a       0x16 cmake/stm32cubemx/CMakeFiles/STM32_Drivers.dir/__/__/Drivers/STM32F4xx_HAL_Driver/Src/stm32f4xx_hal_cortex.c.obj
                0x08004a5a                HAL_NVIC_SetPriorityGrouping
 .text.HAL_NVIC_SetPriority
                0x08004a70       0x38 cmake/stm32cubemx/CMakeFiles/STM32_Drivers.dir/__/__/Drivers/STM32F4xx_HAL_Driver/Src/stm32f4xx_hal_cortex.c.obj
                0x08004a70                HAL_NVIC_SetPriority
 .text.HAL_NVIC_EnableIRQ
                0x08004aa8       0x1c cmake/stm32cubemx/CMakeFiles/STM32_Drivers.dir/__/__/Drivers/STM32F4xx_HAL_Driver/Src/stm32f4xx_hal_cortex.c.obj
                0x08004aa8                HAL_NVIC_EnableIRQ
 .text.HAL_Init
                0x08004ac4       0x44 cmake/stm32cubemx/CMakeFiles/STM32_Drivers.dir/__/__/Drivers/STM32F4xx_HAL_Driver/Src/stm32f4xx_hal.c.obj
                0x08004ac4                HAL_Init
 .text.HAL_IncTick
                0x08004b08       0x28 cmake/stm32cubemx/CMakeFiles/STM32_Drivers.dir/__/__/Drivers/STM32F4xx_HAL_Driver/Src/stm32f4xx_hal.c.obj
                0x08004b08                HAL_IncTick
 .text.HAL_GetTick
                0x08004b30       0x18 cmake/stm32cubemx/CMakeFiles/STM32_Drivers.dir/__/__/Drivers/STM32F4xx_HAL_Driver/Src/stm32f4xx_hal.c.obj
                0x08004b30                HAL_GetTick
 .text.HAL_Delay
                0x08004b48       0x48 cmake/stm32cubemx/CMakeFiles/STM32_Drivers.dir/__/__/Drivers/STM32F4xx_HAL_Driver/Src/stm32f4xx_hal.c.obj
                0x08004b48                HAL_Delay
 .text.HAL_UART_Init
                0x08004b90       0xa0 cmake/stm32cubemx/CMakeFiles/STM32_Drivers.dir/__/__/Drivers/STM32F4xx_HAL_Driver/Src/stm32f4xx_hal_uart.c.obj
                0x08004b90                HAL_UART_Init
 .text.UART_SetConfig
                0x08004c30      0x4e8 cmake/stm32cubemx/CMakeFiles/STM32_Drivers.dir/__/__/Drivers/STM32F4xx_HAL_Driver/Src/stm32f4xx_hal_uart.c.obj
 .text.vListInitialise
                0x08005118       0x40 cmake/stm32cubemx/CMakeFiles/FreeRTOS.dir/__/__/Middlewares/Third_Party/FreeRTOS/Source/list.c.obj
                0x08005118                vListInitialise
 .text.vListInitialiseItem
                0x08005158       0x1a cmake/stm32cubemx/CMakeFiles/FreeRTOS.dir/__/__/Middlewares/Third_Party/FreeRTOS/Source/list.c.obj
                0x08005158                vListInitialiseItem
 .text.vListInsertEnd
                0x08005172       0x48 cmake/stm32cubemx/CMakeFiles/FreeRTOS.dir/__/__/Middlewares/Third_Party/FreeRTOS/Source/list.c.obj
                0x08005172                vListInsertEnd
 .text.vListInsert
                0x080051ba       0x72 cmake/stm32cubemx/CMakeFiles/FreeRTOS.dir/__/__/Middlewares/Third_Party/FreeRTOS/Source/list.c.obj
                0x080051ba                vListInsert
 .text.uxListRemove
                0x0800522c       0x54 cmake/stm32cubemx/CMakeFiles/FreeRTOS.dir/__/__/Middlewares/Third_Party/FreeRTOS/Source/list.c.obj
                0x0800522c                uxListRemove
 .text.xQueueGenericReset
                0x08005280       0xd4 cmake/stm32cubemx/CMakeFiles/FreeRTOS.dir/__/__/Middlewares/Third_Party/FreeRTOS/Source/queue.c.obj
                0x08005280                xQueueGenericReset
 .text.xQueueGenericCreateStatic
                0x08005354       0xfa cmake/stm32cubemx/CMakeFiles/FreeRTOS.dir/__/__/Middlewares/Third_Party/FreeRTOS/Source/queue.c.obj
                0x08005354                xQueueGenericCreateStatic
 .text.prvInitialiseNewQueue
                0x0800544e       0x46 cmake/stm32cubemx/CMakeFiles/FreeRTOS.dir/__/__/Middlewares/Third_Party/FreeRTOS/Source/queue.c.obj
 .text.xQueueGenericSend
                0x08005494      0x204 cmake/stm32cubemx/CMakeFiles/FreeRTOS.dir/__/__/Middlewares/Third_Party/FreeRTOS/Source/queue.c.obj
                0x08005494                xQueueGenericSend
 .text.xQueueGenericSendFromISR
                0x08005698      0x13c cmake/stm32cubemx/CMakeFiles/FreeRTOS.dir/__/__/Middlewares/Third_Party/FreeRTOS/Source/queue.c.obj
                0x08005698                xQueueGenericSendFromISR
 .text.xQueueReceive
                0x080057d4      0x1c4 cmake/stm32cubemx/CMakeFiles/FreeRTOS.dir/__/__/Middlewares/Third_Party/FreeRTOS/Source/queue.c.obj
                0x080057d4                xQueueReceive
 .text.prvCopyDataToQueue
                0x08005998       0xd4 cmake/stm32cubemx/CMakeFiles/FreeRTOS.dir/__/__/Middlewares/Third_Party/FreeRTOS/Source/queue.c.obj
 .text.prvCopyDataFromQueue
                0x08005a6c       0x4c cmake/stm32cubemx/CMakeFiles/FreeRTOS.dir/__/__/Middlewares/Third_Party/FreeRTOS/Source/queue.c.obj
 .text.prvUnlockQueue
                0x08005ab8       0xa4 cmake/stm32cubemx/CMakeFiles/FreeRTOS.dir/__/__/Middlewares/Third_Party/FreeRTOS/Source/queue.c.obj
 .text.prvIsQueueEmpty
                0x08005b5c       0x2c cmake/stm32cubemx/CMakeFiles/FreeRTOS.dir/__/__/Middlewares/Third_Party/FreeRTOS/Source/queue.c.obj
 .text.prvIsQueueFull
                0x08005b88       0x30 cmake/stm32cubemx/CMakeFiles/FreeRTOS.dir/__/__/Middlewares/Third_Party/FreeRTOS/Source/queue.c.obj
 .text.vQueueAddToRegistry
                0x08005bb8       0x54 cmake/stm32cubemx/CMakeFiles/FreeRTOS.dir/__/__/Middlewares/Third_Party/FreeRTOS/Source/queue.c.obj
                0x08005bb8                vQueueAddToRegistry
 .text.vQueueWaitForMessageRestricted
                0x08005c0c       0x68 cmake/stm32cubemx/CMakeFiles/FreeRTOS.dir/__/__/Middlewares/Third_Party/FreeRTOS/Source/queue.c.obj
                0x08005c0c                vQueueWaitForMessageRestricted
 .text.xTaskCreateStatic
                0x08005c74       0xc4 cmake/stm32cubemx/CMakeFiles/FreeRTOS.dir/__/__/Middlewares/Third_Party/FreeRTOS/Source/tasks.c.obj
                0x08005c74                xTaskCreateStatic
 .text.xTaskCreate
                0x08005d38       0x8c cmake/stm32cubemx/CMakeFiles/FreeRTOS.dir/__/__/Middlewares/Third_Party/FreeRTOS/Source/tasks.c.obj
                0x08005d38                xTaskCreate
 .text.prvInitialiseNewTask
                0x08005dc4      0x1a0 cmake/stm32cubemx/CMakeFiles/FreeRTOS.dir/__/__/Middlewares/Third_Party/FreeRTOS/Source/tasks.c.obj
 .text.prvAddNewTaskToReadyList
                0x08005f64       0xe0 cmake/stm32cubemx/CMakeFiles/FreeRTOS.dir/__/__/Middlewares/Third_Party/FreeRTOS/Source/tasks.c.obj
 .text.vTaskDelay
                0x08006044       0x6c cmake/stm32cubemx/CMakeFiles/FreeRTOS.dir/__/__/Middlewares/Third_Party/FreeRTOS/Source/tasks.c.obj
                0x08006044                vTaskDelay
 .text.vTaskStartScheduler
                0x080060b0       0xe0 cmake/stm32cubemx/CMakeFiles/FreeRTOS.dir/__/__/Middlewares/Third_Party/FreeRTOS/Source/tasks.c.obj
                0x080060b0                vTaskStartScheduler
 .text.vTaskSuspendAll
                0x08006190       0x1c cmake/stm32cubemx/CMakeFiles/FreeRTOS.dir/__/__/Middlewares/Third_Party/FreeRTOS/Source/tasks.c.obj
                0x08006190                vTaskSuspendAll
 .text.xTaskResumeAll
                0x080061ac      0x13c cmake/stm32cubemx/CMakeFiles/FreeRTOS.dir/__/__/Middlewares/Third_Party/FreeRTOS/Source/tasks.c.obj
                0x080061ac                xTaskResumeAll
 .text.xTaskGetTickCount
                0x080062e8       0x20 cmake/stm32cubemx/CMakeFiles/FreeRTOS.dir/__/__/Middlewares/Third_Party/FreeRTOS/Source/tasks.c.obj
                0x080062e8                xTaskGetTickCount
 .text.xTaskGetTickCountFromISR
                0x08006308       0x24 cmake/stm32cubemx/CMakeFiles/FreeRTOS.dir/__/__/Middlewares/Third_Party/FreeRTOS/Source/tasks.c.obj
                0x08006308                xTaskGetTickCountFromISR
 .text.xTaskIncrementTick
                0x0800632c      0x174 cmake/stm32cubemx/CMakeFiles/FreeRTOS.dir/__/__/Middlewares/Third_Party/FreeRTOS/Source/tasks.c.obj
                0x0800632c                xTaskIncrementTick
 .text.vTaskSwitchContext
                0x080064a0       0xcc cmake/stm32cubemx/CMakeFiles/FreeRTOS.dir/__/__/Middlewares/Third_Party/FreeRTOS/Source/tasks.c.obj
                0x080064a0                vTaskSwitchContext
 .text.vTaskPlaceOnEventList
                0x0800656c       0x4c cmake/stm32cubemx/CMakeFiles/FreeRTOS.dir/__/__/Middlewares/Third_Party/FreeRTOS/Source/tasks.c.obj
                0x0800656c                vTaskPlaceOnEventList
 .text.vTaskPlaceOnEventListRestricted
                0x080065b8       0x58 cmake/stm32cubemx/CMakeFiles/FreeRTOS.dir/__/__/Middlewares/Third_Party/FreeRTOS/Source/tasks.c.obj
                0x080065b8                vTaskPlaceOnEventListRestricted
 .text.xTaskRemoveFromEventList
                0x08006610       0xc8 cmake/stm32cubemx/CMakeFiles/FreeRTOS.dir/__/__/Middlewares/Third_Party/FreeRTOS/Source/tasks.c.obj
                0x08006610                xTaskRemoveFromEventList
 .text.vTaskInternalSetTimeOutState
                0x080066d8       0x2c cmake/stm32cubemx/CMakeFiles/FreeRTOS.dir/__/__/Middlewares/Third_Party/FreeRTOS/Source/tasks.c.obj
                0x080066d8                vTaskInternalSetTimeOutState
 .text.xTaskCheckForTimeOut
                0x08006704       0xc8 cmake/stm32cubemx/CMakeFiles/FreeRTOS.dir/__/__/Middlewares/Third_Party/FreeRTOS/Source/tasks.c.obj
                0x08006704                xTaskCheckForTimeOut
 .text.vTaskMissedYield
                0x080067cc       0x18 cmake/stm32cubemx/CMakeFiles/FreeRTOS.dir/__/__/Middlewares/Third_Party/FreeRTOS/Source/tasks.c.obj
                0x080067cc                vTaskMissedYield
 .text.prvIdleTask
                0x080067e4       0x30 cmake/stm32cubemx/CMakeFiles/FreeRTOS.dir/__/__/Middlewares/Third_Party/FreeRTOS/Source/tasks.c.obj
 .text.prvInitialiseTaskLists
                0x08006814       0x80 cmake/stm32cubemx/CMakeFiles/FreeRTOS.dir/__/__/Middlewares/Third_Party/FreeRTOS/Source/tasks.c.obj
 .text.prvCheckTasksWaitingTermination
                0x08006894       0x5c cmake/stm32cubemx/CMakeFiles/FreeRTOS.dir/__/__/Middlewares/Third_Party/FreeRTOS/Source/tasks.c.obj
 .text.prvDeleteTCB
                0x080068f0       0x6a cmake/stm32cubemx/CMakeFiles/FreeRTOS.dir/__/__/Middlewares/Third_Party/FreeRTOS/Source/tasks.c.obj
 *fill*         0x0800695a        0x2 
 .text.prvResetNextTaskUnblockTime
                0x0800695c       0x40 cmake/stm32cubemx/CMakeFiles/FreeRTOS.dir/__/__/Middlewares/Third_Party/FreeRTOS/Source/tasks.c.obj
 .text.xTaskGetSchedulerState
                0x0800699c       0x3c cmake/stm32cubemx/CMakeFiles/FreeRTOS.dir/__/__/Middlewares/Third_Party/FreeRTOS/Source/tasks.c.obj
                0x0800699c                xTaskGetSchedulerState
 .text.xTaskPriorityDisinherit
                0x080069d8       0xe0 cmake/stm32cubemx/CMakeFiles/FreeRTOS.dir/__/__/Middlewares/Third_Party/FreeRTOS/Source/tasks.c.obj
                0x080069d8                xTaskPriorityDisinherit
 .text.xTaskNotifyWait
                0x08006ab8       0xc0 cmake/stm32cubemx/CMakeFiles/FreeRTOS.dir/__/__/Middlewares/Third_Party/FreeRTOS/Source/tasks.c.obj
                0x08006ab8                xTaskNotifyWait
 .text.xTaskGenericNotify
                0x08006b78      0x184 cmake/stm32cubemx/CMakeFiles/FreeRTOS.dir/__/__/Middlewares/Third_Party/FreeRTOS/Source/tasks.c.obj
                0x08006b78                xTaskGenericNotify
 .text.xTaskGenericNotifyFromISR
                0x08006cfc      0x1cc cmake/stm32cubemx/CMakeFiles/FreeRTOS.dir/__/__/Middlewares/Third_Party/FreeRTOS/Source/tasks.c.obj
                0x08006cfc                xTaskGenericNotifyFromISR
 .text.prvAddCurrentTaskToDelayedList
                0x08006ec8       0xa8 cmake/stm32cubemx/CMakeFiles/FreeRTOS.dir/__/__/Middlewares/Third_Party/FreeRTOS/Source/tasks.c.obj
 .text.xTimerCreateTimerTask
                0x08006f70       0x94 cmake/stm32cubemx/CMakeFiles/FreeRTOS.dir/__/__/Middlewares/Third_Party/FreeRTOS/Source/timers.c.obj
                0x08006f70                xTimerCreateTimerTask
 .text.xTimerGenericCommand
                0x08007004       0x9c cmake/stm32cubemx/CMakeFiles/FreeRTOS.dir/__/__/Middlewares/Third_Party/FreeRTOS/Source/timers.c.obj
                0x08007004                xTimerGenericCommand
 .text.prvProcessExpiredTimer
                0x080070a0       0x9c cmake/stm32cubemx/CMakeFiles/FreeRTOS.dir/__/__/Middlewares/Third_Party/FreeRTOS/Source/timers.c.obj
 .text.prvTimerTask
                0x0800713c       0x26 cmake/stm32cubemx/CMakeFiles/FreeRTOS.dir/__/__/Middlewares/Third_Party/FreeRTOS/Source/timers.c.obj
 *fill*         0x08007162        0x2 
 .text.prvProcessTimerOrBlockTask
                0x08007164       0x9c cmake/stm32cubemx/CMakeFiles/FreeRTOS.dir/__/__/Middlewares/Third_Party/FreeRTOS/Source/timers.c.obj
 .text.prvGetNextExpireTime
                0x08007200       0x48 cmake/stm32cubemx/CMakeFiles/FreeRTOS.dir/__/__/Middlewares/Third_Party/FreeRTOS/Source/timers.c.obj
 .text.prvSampleTimeNow
                0x08007248       0x40 cmake/stm32cubemx/CMakeFiles/FreeRTOS.dir/__/__/Middlewares/Third_Party/FreeRTOS/Source/timers.c.obj
 .text.prvInsertTimerInActiveList
                0x08007288       0x84 cmake/stm32cubemx/CMakeFiles/FreeRTOS.dir/__/__/Middlewares/Third_Party/FreeRTOS/Source/timers.c.obj
 .text.prvProcessReceivedCommands
                0x0800730c      0x1cc cmake/stm32cubemx/CMakeFiles/FreeRTOS.dir/__/__/Middlewares/Third_Party/FreeRTOS/Source/timers.c.obj
 .text.prvSwitchTimerLists
                0x080074d8       0xcc cmake/stm32cubemx/CMakeFiles/FreeRTOS.dir/__/__/Middlewares/Third_Party/FreeRTOS/Source/timers.c.obj
 .text.prvCheckForValidListAndQueue
                0x080075a4       0x80 cmake/stm32cubemx/CMakeFiles/FreeRTOS.dir/__/__/Middlewares/Third_Party/FreeRTOS/Source/timers.c.obj
 .text.__NVIC_SetPriority
                0x08007624       0x54 cmake/stm32cubemx/CMakeFiles/FreeRTOS.dir/__/__/Middlewares/Third_Party/FreeRTOS/Source/CMSIS_RTOS_V2/cmsis_os2.c.obj
 .text.SysTick_Handler
                0x08007678       0x20 cmake/stm32cubemx/CMakeFiles/FreeRTOS.dir/__/__/Middlewares/Third_Party/FreeRTOS/Source/CMSIS_RTOS_V2/cmsis_os2.c.obj
                0x08007678                SysTick_Handler
 .text.SVC_Setup
                0x08007698       0x12 cmake/stm32cubemx/CMakeFiles/FreeRTOS.dir/__/__/Middlewares/Third_Party/FreeRTOS/Source/CMSIS_RTOS_V2/cmsis_os2.c.obj
 *fill*         0x080076aa        0x2 
 .text.osKernelInitialize
                0x080076ac       0x48 cmake/stm32cubemx/CMakeFiles/FreeRTOS.dir/__/__/Middlewares/Third_Party/FreeRTOS/Source/CMSIS_RTOS_V2/cmsis_os2.c.obj
                0x080076ac                osKernelInitialize
 .text.osKernelStart
                0x080076f4       0x4c cmake/stm32cubemx/CMakeFiles/FreeRTOS.dir/__/__/Middlewares/Third_Party/FreeRTOS/Source/CMSIS_RTOS_V2/cmsis_os2.c.obj
                0x080076f4                osKernelStart
 .text.osKernelGetTickCount
                0x08007740       0x2a cmake/stm32cubemx/CMakeFiles/FreeRTOS.dir/__/__/Middlewares/Third_Party/FreeRTOS/Source/CMSIS_RTOS_V2/cmsis_os2.c.obj
                0x08007740                osKernelGetTickCount
 .text.osThreadNew
                0x0800776a      0x126 cmake/stm32cubemx/CMakeFiles/FreeRTOS.dir/__/__/Middlewares/Third_Party/FreeRTOS/Source/CMSIS_RTOS_V2/cmsis_os2.c.obj
                0x0800776a                osThreadNew
 .text.osDelay  0x08007890       0x36 cmake/stm32cubemx/CMakeFiles/FreeRTOS.dir/__/__/Middlewares/Third_Party/FreeRTOS/Source/CMSIS_RTOS_V2/cmsis_os2.c.obj
                0x08007890                osDelay
 *fill*         0x080078c6        0x2 
 .text.vApplicationGetIdleTaskMemory
                0x080078c8       0x34 cmake/stm32cubemx/CMakeFiles/FreeRTOS.dir/__/__/Middlewares/Third_Party/FreeRTOS/Source/CMSIS_RTOS_V2/cmsis_os2.c.obj
                0x080078c8                vApplicationGetIdleTaskMemory
 .text.vApplicationGetTimerTaskMemory
                0x080078fc       0x34 cmake/stm32cubemx/CMakeFiles/FreeRTOS.dir/__/__/Middlewares/Third_Party/FreeRTOS/Source/CMSIS_RTOS_V2/cmsis_os2.c.obj
                0x080078fc                vApplicationGetTimerTaskMemory
 .text.pvPortMalloc
                0x08007930      0x19c cmake/stm32cubemx/CMakeFiles/FreeRTOS.dir/__/__/Middlewares/Third_Party/FreeRTOS/Source/portable/MemMang/heap_4.c.obj
                0x08007930                pvPortMalloc
 .text.vPortFree
                0x08007acc       0xc8 cmake/stm32cubemx/CMakeFiles/FreeRTOS.dir/__/__/Middlewares/Third_Party/FreeRTOS/Source/portable/MemMang/heap_4.c.obj
                0x08007acc                vPortFree
 .text.prvHeapInit
                0x08007b94       0xc4 cmake/stm32cubemx/CMakeFiles/FreeRTOS.dir/__/__/Middlewares/Third_Party/FreeRTOS/Source/portable/MemMang/heap_4.c.obj
 .text.prvInsertBlockIntoFreeList
                0x08007c58       0xb4 cmake/stm32cubemx/CMakeFiles/FreeRTOS.dir/__/__/Middlewares/Third_Party/FreeRTOS/Source/portable/MemMang/heap_4.c.obj
 .text.pxPortInitialiseStack
                0x08007d0c       0x68 cmake/stm32cubemx/CMakeFiles/FreeRTOS.dir/__/__/Middlewares/Third_Party/FreeRTOS/Source/portable/GCC/ARM_CM4F/port.c.obj
                0x08007d0c                pxPortInitialiseStack
 .text.prvTaskExitError
                0x08007d74       0x5c cmake/stm32cubemx/CMakeFiles/FreeRTOS.dir/__/__/Middlewares/Third_Party/FreeRTOS/Source/portable/GCC/ARM_CM4F/port.c.obj
 .text.SVC_Handler
                0x08007dd0       0x28 cmake/stm32cubemx/CMakeFiles/FreeRTOS.dir/__/__/Middlewares/Third_Party/FreeRTOS/Source/portable/GCC/ARM_CM4F/port.c.obj
                0x08007dd0                SVC_Handler
 .text.prvPortStartFirstTask
                0x08007df8       0x28 cmake/stm32cubemx/CMakeFiles/FreeRTOS.dir/__/__/Middlewares/Third_Party/FreeRTOS/Source/portable/GCC/ARM_CM4F/port.c.obj
 .text.xPortStartScheduler
                0x08007e20      0x148 cmake/stm32cubemx/CMakeFiles/FreeRTOS.dir/__/__/Middlewares/Third_Party/FreeRTOS/Source/portable/GCC/ARM_CM4F/port.c.obj
                0x08007e20                xPortStartScheduler
 .text.vPortEnterCritical
                0x08007f68       0x64 cmake/stm32cubemx/CMakeFiles/FreeRTOS.dir/__/__/Middlewares/Third_Party/FreeRTOS/Source/portable/GCC/ARM_CM4F/port.c.obj
                0x08007f68                vPortEnterCritical
 .text.vPortExitCritical
                0x08007fcc       0x54 cmake/stm32cubemx/CMakeFiles/FreeRTOS.dir/__/__/Middlewares/Third_Party/FreeRTOS/Source/portable/GCC/ARM_CM4F/port.c.obj
                0x08007fcc                vPortExitCritical
 .text.PendSV_Handler
                0x08008020       0x68 cmake/stm32cubemx/CMakeFiles/FreeRTOS.dir/__/__/Middlewares/Third_Party/FreeRTOS/Source/portable/GCC/ARM_CM4F/port.c.obj
                0x08008020                PendSV_Handler
 .text.xPortSysTickHandler
                0x08008088       0x44 cmake/stm32cubemx/CMakeFiles/FreeRTOS.dir/__/__/Middlewares/Third_Party/FreeRTOS/Source/portable/GCC/ARM_CM4F/port.c.obj
                0x08008088                xPortSysTickHandler
 .text.vPortSetupTimerInterrupt
                0x080080cc       0x48 cmake/stm32cubemx/CMakeFiles/FreeRTOS.dir/__/__/Middlewares/Third_Party/FreeRTOS/Source/portable/GCC/ARM_CM4F/port.c.obj
                0x080080cc                vPortSetupTimerInterrupt
 .text.vPortEnableVFP
                0x08008114       0x14 cmake/stm32cubemx/CMakeFiles/FreeRTOS.dir/__/__/Middlewares/Third_Party/FreeRTOS/Source/portable/GCC/ARM_CM4F/port.c.obj
 .text.vPortValidateInterruptPriority
                0x08008128       0x84 cmake/stm32cubemx/CMakeFiles/FreeRTOS.dir/__/__/Middlewares/Third_Party/FreeRTOS/Source/portable/GCC/ARM_CM4F/port.c.obj
                0x08008128                vPortValidateInterruptPriority
 .text.map      0x080081ac       0x56 CMakeFiles/PROJECT_MPU6050.dir/Core/Src/main.c.obj
                0x080081ac                map
 *fill*         0x08008202        0x2 
 .text.change_pwm_duty_cycle
                0x08008204       0x54 CMakeFiles/PROJECT_MPU6050.dir/Core/Src/main.c.obj
                0x08008204                change_pwm_duty_cycle
 .text.main     0x08008258      0x134 CMakeFiles/PROJECT_MPU6050.dir/Core/Src/main.c.obj
                0x08008258                main
 .text.SystemClock_Config
                0x0800838c       0xbc CMakeFiles/PROJECT_MPU6050.dir/Core/Src/main.c.obj
                0x0800838c                SystemClock_Config
 .text.MX_FMPI2C1_Init
                0x08008448       0x6c CMakeFiles/PROJECT_MPU6050.dir/Core/Src/main.c.obj
 .text.MX_TIM2_Init
                0x080084b4      0x134 CMakeFiles/PROJECT_MPU6050.dir/Core/Src/main.c.obj
 .text.MX_USART2_UART_Init
                0x080085e8       0x54 CMakeFiles/PROJECT_MPU6050.dir/Core/Src/main.c.obj
 .text.MX_GPIO_Init
                0x0800863c      0x148 CMakeFiles/PROJECT_MPU6050.dir/Core/Src/main.c.obj
 .text.StartDefaultTask
                0x08008784       0x10 CMakeFiles/PROJECT_MPU6050.dir/Core/Src/main.c.obj
                0x08008784                StartDefaultTask
 *fill*         0x08008794        0x4 
 .text.sensor_read_task
                0x08008798      0x1f4 CMakeFiles/PROJECT_MPU6050.dir/Core/Src/main.c.obj
                0x08008798                sensor_read_task
 .text.pwm_control_task
                0x0800898c       0xa2 CMakeFiles/PROJECT_MPU6050.dir/Core/Src/main.c.obj
                0x0800898c                pwm_control_task
 *fill*         0x08008a2e        0x2 
 .text.lcd_control_task
                0x08008a30       0xf8 CMakeFiles/PROJECT_MPU6050.dir/Core/Src/main.c.obj
                0x08008a30                lcd_control_task
 .text.HAL_TIM_PeriodElapsedCallback
                0x08008b28       0x40 CMakeFiles/PROJECT_MPU6050.dir/Core/Src/main.c.obj
                0x08008b28                HAL_TIM_PeriodElapsedCallback
 .text.Error_Handler
                0x08008b68        0xc CMakeFiles/PROJECT_MPU6050.dir/Core/Src/main.c.obj
                0x08008b68                Error_Handler
 .text.NMI_Handler
                0x08008b74        0x8 CMakeFiles/PROJECT_MPU6050.dir/Core/Src/stm32f4xx_it.c.obj
                0x08008b74                NMI_Handler
 .text.HardFault_Handler
                0x08008b7c        0x8 CMakeFiles/PROJECT_MPU6050.dir/Core/Src/stm32f4xx_it.c.obj
                0x08008b7c                HardFault_Handler
 .text.MemManage_Handler
                0x08008b84        0x8 CMakeFiles/PROJECT_MPU6050.dir/Core/Src/stm32f4xx_it.c.obj
                0x08008b84                MemManage_Handler
 .text.BusFault_Handler
                0x08008b8c        0x8 CMakeFiles/PROJECT_MPU6050.dir/Core/Src/stm32f4xx_it.c.obj
                0x08008b8c                BusFault_Handler
 .text.UsageFault_Handler
                0x08008b94        0x8 CMakeFiles/PROJECT_MPU6050.dir/Core/Src/stm32f4xx_it.c.obj
                0x08008b94                UsageFault_Handler
 .text.DebugMon_Handler
                0x08008b9c        0xe CMakeFiles/PROJECT_MPU6050.dir/Core/Src/stm32f4xx_it.c.obj
                0x08008b9c                DebugMon_Handler
 .text.EXTI9_5_IRQHandler
                0x08008baa       0x10 CMakeFiles/PROJECT_MPU6050.dir/Core/Src/stm32f4xx_it.c.obj
                0x08008baa                EXTI9_5_IRQHandler
 *fill*         0x08008bba        0x2 
 .text.TIM2_IRQHandler
                0x08008bbc       0x14 CMakeFiles/PROJECT_MPU6050.dir/Core/Src/stm32f4xx_it.c.obj
                0x08008bbc                TIM2_IRQHandler
 .text.EXTI15_10_IRQHandler
                0x08008bd0       0x10 CMakeFiles/PROJECT_MPU6050.dir/Core/Src/stm32f4xx_it.c.obj
                0x08008bd0                EXTI15_10_IRQHandler
 .text.TIM6_DAC_IRQHandler
                0x08008be0       0x14 CMakeFiles/PROJECT_MPU6050.dir/Core/Src/stm32f4xx_it.c.obj
                0x08008be0                TIM6_DAC_IRQHandler
 .text.HAL_MspInit
                0x08008bf4       0x58 CMakeFiles/PROJECT_MPU6050.dir/Core/Src/stm32f4xx_hal_msp.c.obj
                0x08008bf4                HAL_MspInit
 .text.HAL_FMPI2C_MspInit
                0x08008c4c       0xb8 CMakeFiles/PROJECT_MPU6050.dir/Core/Src/stm32f4xx_hal_msp.c.obj
                0x08008c4c                HAL_FMPI2C_MspInit
 .text.HAL_TIM_Base_MspInit
                0x08008d04       0x4c CMakeFiles/PROJECT_MPU6050.dir/Core/Src/stm32f4xx_hal_msp.c.obj
                0x08008d04                HAL_TIM_Base_MspInit
 .text.HAL_TIM_MspPostInit
                0x08008d50       0xb0 CMakeFiles/PROJECT_MPU6050.dir/Core/Src/stm32f4xx_hal_msp.c.obj
                0x08008d50                HAL_TIM_MspPostInit
 .text.HAL_UART_MspInit
                0x08008e00       0x90 CMakeFiles/PROJECT_MPU6050.dir/Core/Src/stm32f4xx_hal_msp.c.obj
                0x08008e00                HAL_UART_MspInit
 .text.HAL_InitTick
                0x08008e90       0xf8 CMakeFiles/PROJECT_MPU6050.dir/Core/Src/stm32f4xx_hal_timebase_tim.c.obj
                0x08008e90                HAL_InitTick
 .text._sbrk    0x08008f88       0x6c CMakeFiles/PROJECT_MPU6050.dir/Core/Src/sysmem.c.obj
                0x08008f88                _sbrk
 .text._read    0x08008ff4       0x3a CMakeFiles/PROJECT_MPU6050.dir/Core/Src/syscalls.c.obj
                0x08008ff4                _read
 .text._write   0x0800902e       0x38 CMakeFiles/PROJECT_MPU6050.dir/Core/Src/syscalls.c.obj
                0x0800902e                _write
 .text._close   0x08009066       0x18 CMakeFiles/PROJECT_MPU6050.dir/Core/Src/syscalls.c.obj
                0x08009066                _close
 .text._fstat   0x0800907e       0x20 CMakeFiles/PROJECT_MPU6050.dir/Core/Src/syscalls.c.obj
                0x0800907e                _fstat
 .text._isatty  0x0800909e       0x16 CMakeFiles/PROJECT_MPU6050.dir/Core/Src/syscalls.c.obj
                0x0800909e                _isatty
 .text._lseek   0x080090b4       0x1a CMakeFiles/PROJECT_MPU6050.dir/Core/Src/syscalls.c.obj
                0x080090b4                _lseek
 *fill*         0x080090ce        0x2 
 .text.Reset_Handler
                0x080090d0       0x50 CMakeFiles/PROJECT_MPU6050.dir/startup_stm32f446xx.s.obj
                0x080090d0                Reset_Handler
 .text.Default_Handler
                0x08009120        0x2 CMakeFiles/PROJECT_MPU6050.dir/startup_stm32f446xx.s.obj
                0x08009120                DMA1_Stream3_IRQHandler
                0x08009120                EXTI2_IRQHandler
                0x08009120                TIM8_CC_IRQHandler
                0x08009120                FMPI2C1_EV_IRQHandler
                0x08009120                SPI4_IRQHandler
                0x08009120                TIM1_CC_IRQHandler
                0x08009120                DMA2_Stream5_IRQHandler
                0x08009120                DMA1_Stream5_IRQHandler
                0x08009120                PVD_IRQHandler
                0x08009120                SDIO_IRQHandler
                0x08009120                TAMP_STAMP_IRQHandler
                0x08009120                CAN2_RX1_IRQHandler
                0x08009120                EXTI3_IRQHandler
                0x08009120                TIM8_TRG_COM_TIM14_IRQHandler
                0x08009120                TIM1_UP_TIM10_IRQHandler
                0x08009120                TIM8_UP_TIM13_IRQHandler
                0x08009120                I2C3_ER_IRQHandler
                0x08009120                EXTI0_IRQHandler
                0x08009120                I2C2_EV_IRQHandler
                0x08009120                DMA1_Stream2_IRQHandler
                0x08009120                CAN1_RX0_IRQHandler
                0x08009120                FPU_IRQHandler
                0x08009120                OTG_HS_WKUP_IRQHandler
                0x08009120                CAN2_SCE_IRQHandler
                0x08009120                DMA2_Stream2_IRQHandler
                0x08009120                SPI1_IRQHandler
                0x08009120                TIM1_BRK_TIM9_IRQHandler
                0x08009120                DCMI_IRQHandler
                0x08009120                CAN2_RX0_IRQHandler
                0x08009120                DMA2_Stream3_IRQHandler
                0x08009120                SAI2_IRQHandler
                0x08009120                USART6_IRQHandler
                0x08009120                USART3_IRQHandler
                0x08009120                CAN1_RX1_IRQHandler
                0x08009120                UART5_IRQHandler
                0x08009120                DMA2_Stream0_IRQHandler
                0x08009120                TIM4_IRQHandler
                0x08009120                QUADSPI_IRQHandler
                0x08009120                I2C1_EV_IRQHandler
                0x08009120                DMA1_Stream6_IRQHandler
                0x08009120                DMA1_Stream1_IRQHandler
                0x08009120                UART4_IRQHandler
                0x08009120                TIM3_IRQHandler
                0x08009120                RCC_IRQHandler
                0x08009120                TIM8_BRK_TIM12_IRQHandler
                0x08009120                Default_Handler
                0x08009120                CEC_IRQHandler
                0x08009120                ADC_IRQHandler
                0x08009120                DMA1_Stream7_IRQHandler
                0x08009120                TIM7_IRQHandler
                0x08009120                CAN2_TX_IRQHandler
                0x08009120                TIM5_IRQHandler
                0x08009120                DMA2_Stream7_IRQHandler
                0x08009120                I2C3_EV_IRQHandler
                0x08009120                RTC_WKUP_IRQHandler
                0x08009120                SPDIF_RX_IRQHandler
                0x08009120                SPI2_IRQHandler
                0x08009120                OTG_HS_EP1_IN_IRQHandler
                0x08009120                DMA1_Stream0_IRQHandler
                0x08009120                CAN1_TX_IRQHandler
                0x08009120                FMPI2C1_ER_IRQHandler
                0x08009120                EXTI4_IRQHandler
                0x08009120                OTG_HS_EP1_OUT_IRQHandler
                0x08009120                WWDG_IRQHandler
                0x08009120                OTG_FS_WKUP_IRQHandler
                0x08009120                TIM1_TRG_COM_TIM11_IRQHandler
                0x08009120                OTG_HS_IRQHandler
                0x08009120                EXTI1_IRQHandler
                0x08009120                USART2_IRQHandler
                0x08009120                I2C2_ER_IRQHandler
                0x08009120                DMA2_Stream1_IRQHandler
                0x08009120                CAN1_SCE_IRQHandler
                0x08009120                FLASH_IRQHandler
                0x08009120                DMA2_Stream4_IRQHandler
                0x08009120                USART1_IRQHandler
                0x08009120                OTG_FS_IRQHandler
                0x08009120                SPI3_IRQHandler
                0x08009120                DMA1_Stream4_IRQHandler
                0x08009120                I2C1_ER_IRQHandler
                0x08009120                FMC_IRQHandler
                0x08009120                DMA2_Stream6_IRQHandler
                0x08009120                SAI1_IRQHandler
                0x08009120                RTC_Alarm_IRQHandler
 *fill*         0x08009122        0x2 
 .text.HAL_TIM_PWM_PulseFinishedCallback
                0x08009124       0x28 CMakeFiles/PROJECT_MPU6050.dir/Core/Src/app_callback.c.obj
                0x08009124                HAL_TIM_PWM_PulseFinishedCallback
 .text.HAL_GPIO_EXTI_Callback
                0x0800914c       0x24 CMakeFiles/PROJECT_MPU6050.dir/Core/Src/app_callback.c.obj
                0x0800914c                HAL_GPIO_EXTI_Callback
 .text.mpu6050_raw_data_ready_callback
                0x08009170       0x4c CMakeFiles/PROJECT_MPU6050.dir/Core/Src/app_callback.c.obj
                0x08009170                mpu6050_raw_data_ready_callback
 .text.mpu6050_read_byte
                0x080091bc       0x4c CMakeFiles/PROJECT_MPU6050.dir/Core/Src/mpu6050.c.obj
                0x080091bc                mpu6050_read_byte
 .text.mpu6050_read
                0x08009208       0x50 CMakeFiles/PROJECT_MPU6050.dir/Core/Src/mpu6050.c.obj
                0x08009208                mpu6050_read
 .text.mpu6050_write_byte
                0x08009258       0x50 CMakeFiles/PROJECT_MPU6050.dir/Core/Src/mpu6050.c.obj
                0x08009258                mpu6050_write_byte
 .text.mpu6050_init
                0x080092a8       0x84 CMakeFiles/PROJECT_MPU6050.dir/Core/Src/mpu6050.c.obj
                0x080092a8                mpu6050_init
 .text.mpu6050_read_accelerometer_data
                0x0800932c       0x70 CMakeFiles/PROJECT_MPU6050.dir/Core/Src/mpu6050.c.obj
                0x0800932c                mpu6050_read_accelerometer_data
 .text.mpu6050_accelerometer_callibration
                0x0800939c       0x70 CMakeFiles/PROJECT_MPU6050.dir/Core/Src/mpu6050.c.obj
                0x0800939c                mpu6050_accelerometer_callibration
 .text.mpu6050_configure_low_pass_filter
                0x0800940c       0x5c CMakeFiles/PROJECT_MPU6050.dir/Core/Src/mpu6050.c.obj
                0x0800940c                mpu6050_configure_low_pass_filter
 .text.mpu6050_interrupt_config
                0x08009468       0x52 CMakeFiles/PROJECT_MPU6050.dir/Core/Src/mpu6050.c.obj
                0x08009468                mpu6050_interrupt_config
 .text.mpu6050_enable_interrupt
                0x080094ba       0x48 CMakeFiles/PROJECT_MPU6050.dir/Core/Src/mpu6050.c.obj
                0x080094ba                mpu6050_enable_interrupt
 .text.mpu6050_disable_interrupt
                0x08009502       0x48 CMakeFiles/PROJECT_MPU6050.dir/Core/Src/mpu6050.c.obj
                0x08009502                mpu6050_disable_interrupt
 .text.get_interrupt_status
                0x0800954a       0x1e CMakeFiles/PROJECT_MPU6050.dir/Core/Src/mpu6050.c.obj
 .text.get_interrupt_settings
                0x08009568       0x1e CMakeFiles/PROJECT_MPU6050.dir/Core/Src/mpu6050.c.obj
 .text.mpu6050_interrupt_handle
                0x08009586       0x5a CMakeFiles/PROJECT_MPU6050.dir/Core/Src/mpu6050.c.obj
                0x08009586                mpu6050_interrupt_handle
 .text.mpu6050_motion_detection_callback
                0x080095e0        0xe CMakeFiles/PROJECT_MPU6050.dir/Core/Src/mpu6050.c.obj
                0x080095e0                mpu6050_motion_detection_callback
 *fill*         0x080095ee        0x2 
 .text.kalman_filter_init
                0x080095f0       0x50 CMakeFiles/PROJECT_MPU6050.dir/Core/Src/kalman_filter.c.obj
                0x080095f0                kalman_filter_init
 .text.kalman_filter_get_angle
                0x08009640      0x1b4 CMakeFiles/PROJECT_MPU6050.dir/Core/Src/kalman_filter.c.obj
                0x08009640                kalman_filter_get_angle
 .text.Lcd_create
                0x080097f4       0x56 CMakeFiles/PROJECT_MPU6050.dir/Core/Src/lcd.c.obj
                0x080097f4                Lcd_create
 .text.Lcd_init
                0x0800984a       0x52 CMakeFiles/PROJECT_MPU6050.dir/Core/Src/lcd.c.obj
                0x0800984a                Lcd_init
 .text.Lcd_string
                0x0800989c       0x3e CMakeFiles/PROJECT_MPU6050.dir/Core/Src/lcd.c.obj
                0x0800989c                Lcd_string
 *fill*         0x080098da        0x2 
 .text.Lcd_cursor
                0x080098dc       0x34 CMakeFiles/PROJECT_MPU6050.dir/Core/Src/lcd.c.obj
                0x080098dc                Lcd_cursor
 .text.Lcd_clear
                0x08009910       0x18 CMakeFiles/PROJECT_MPU6050.dir/Core/Src/lcd.c.obj
                0x08009910                Lcd_clear
 .text.lcd_write_command
                0x08009928       0x5c CMakeFiles/PROJECT_MPU6050.dir/Core/Src/lcd.c.obj
 .text.lcd_write_data
                0x08009984       0x5c CMakeFiles/PROJECT_MPU6050.dir/Core/Src/lcd.c.obj
 .text.lcd_write
                0x080099e0       0x80 CMakeFiles/PROJECT_MPU6050.dir/Core/Src/lcd.c.obj
 .text.snprintf
                0x08009a60       0x6c /Applications/STM32CubeIDE.app/Contents/Eclipse/plugins/com.st.stm32cube.ide.mcu.externaltools.gnu-tools-for-stm32.13.3.rel1.macos64_1.0.0.202411102158/tools/bin/../lib/gcc/arm-none-eabi/13.3.1/../../../../arm-none-eabi/lib/thumb/v7e-m+fp/hard/libg_nano.a(libc_a-snprintf.o)
                0x08009a60                snprintf
                0x08009a60                sniprintf
 .text.printf   0x08009acc       0x24 /Applications/STM32CubeIDE.app/Contents/Eclipse/plugins/com.st.stm32cube.ide.mcu.externaltools.gnu-tools-for-stm32.13.3.rel1.macos64_1.0.0.202411102158/tools/bin/../lib/gcc/arm-none-eabi/13.3.1/../../../../arm-none-eabi/lib/thumb/v7e-m+fp/hard/libg_nano.a(libc_a-printf.o)
                0x08009acc                printf
                0x08009acc                iprintf
 .text.__errno  0x08009af0        0xc /Applications/STM32CubeIDE.app/Contents/Eclipse/plugins/com.st.stm32cube.ide.mcu.externaltools.gnu-tools-for-stm32.13.3.rel1.macos64_1.0.0.202411102158/tools/bin/../lib/gcc/arm-none-eabi/13.3.1/../../../../arm-none-eabi/lib/thumb/v7e-m+fp/hard/libg_nano.a(libc_a-errno.o)
                0x08009af0                __errno
 .text.memcpy   0x08009afc       0x1c /Applications/STM32CubeIDE.app/Contents/Eclipse/plugins/com.st.stm32cube.ide.mcu.externaltools.gnu-tools-for-stm32.13.3.rel1.macos64_1.0.0.202411102158/tools/bin/../lib/gcc/arm-none-eabi/13.3.1/../../../../arm-none-eabi/lib/thumb/v7e-m+fp/hard/libg_nano.a(libc_a-memcpy-stub.o)
                0x08009afc                memcpy
 .text.__ssputs_r
                0x08009b18       0xb6 /Applications/STM32CubeIDE.app/Contents/Eclipse/plugins/com.st.stm32cube.ide.mcu.externaltools.gnu-tools-for-stm32.13.3.rel1.macos64_1.0.0.202411102158/tools/bin/../lib/gcc/arm-none-eabi/13.3.1/../../../../arm-none-eabi/lib/thumb/v7e-m+fp/hard/libg_nano.a(libc_a-nano-svfprintf.o)
                0x08009b18                __ssputs_r
 *fill*         0x08009bce        0x2 
 .text._svfprintf_r
                0x08009bd0      0x1f8 /Applications/STM32CubeIDE.app/Contents/Eclipse/plugins/com.st.stm32cube.ide.mcu.externaltools.gnu-tools-for-stm32.13.3.rel1.macos64_1.0.0.202411102158/tools/bin/../lib/gcc/arm-none-eabi/13.3.1/../../../../arm-none-eabi/lib/thumb/v7e-m+fp/hard/libg_nano.a(libc_a-nano-svfprintf.o)
                0x08009bd0                _svfprintf_r
                0x08009bd0                _svfiprintf_r
 .text.__sfputc_r
                0x08009dc8       0x2e /Applications/STM32CubeIDE.app/Contents/Eclipse/plugins/com.st.stm32cube.ide.mcu.externaltools.gnu-tools-for-stm32.13.3.rel1.macos64_1.0.0.202411102158/tools/bin/../lib/gcc/arm-none-eabi/13.3.1/../../../../arm-none-eabi/lib/thumb/v7e-m+fp/hard/libg_nano.a(libc_a-nano-vfprintf.o)
 .text.__sfputs_r
                0x08009df6       0x24 /Applications/STM32CubeIDE.app/Contents/Eclipse/plugins/com.st.stm32cube.ide.mcu.externaltools.gnu-tools-for-stm32.13.3.rel1.macos64_1.0.0.202411102158/tools/bin/../lib/gcc/arm-none-eabi/13.3.1/../../../../arm-none-eabi/lib/thumb/v7e-m+fp/hard/libg_nano.a(libc_a-nano-vfprintf.o)
                0x08009df6                __sfputs_r
 *fill*         0x08009e1a        0x2 
 .text._vfprintf_r
                0x08009e1c      0x230 /Applications/STM32CubeIDE.app/Contents/Eclipse/plugins/com.st.stm32cube.ide.mcu.externaltools.gnu-tools-for-stm32.13.3.rel1.macos64_1.0.0.202411102158/tools/bin/../lib/gcc/arm-none-eabi/13.3.1/../../../../arm-none-eabi/lib/thumb/v7e-m+fp/hard/libg_nano.a(libc_a-nano-vfprintf.o)
                0x08009e1c                _vfiprintf_r
                0x08009e1c                _vfprintf_r
 .text._printf_common
                0x0800a04c       0xda /Applications/STM32CubeIDE.app/Contents/Eclipse/plugins/com.st.stm32cube.ide.mcu.externaltools.gnu-tools-for-stm32.13.3.rel1.macos64_1.0.0.202411102158/tools/bin/../lib/gcc/arm-none-eabi/13.3.1/../../../../arm-none-eabi/lib/thumb/v7e-m+fp/hard/libg_nano.a(libc_a-nano-vfprintf_i.o)
                0x0800a04c                _printf_common
 *fill*         0x0800a126        0x2 
 .text._printf_i
                0x0800a128      0x23c /Applications/STM32CubeIDE.app/Contents/Eclipse/plugins/com.st.stm32cube.ide.mcu.externaltools.gnu-tools-for-stm32.13.3.rel1.macos64_1.0.0.202411102158/tools/bin/../lib/gcc/arm-none-eabi/13.3.1/../../../../arm-none-eabi/lib/thumb/v7e-m+fp/hard/libg_nano.a(libc_a-nano-vfprintf_i.o)
                0x0800a128                _printf_i
 .text._realloc_r
                0x0800a364       0x5c /Applications/STM32CubeIDE.app/Contents/Eclipse/plugins/com.st.stm32cube.ide.mcu.externaltools.gnu-tools-for-stm32.13.3.rel1.macos64_1.0.0.202411102158/tools/bin/../lib/gcc/arm-none-eabi/13.3.1/../../../../arm-none-eabi/lib/thumb/v7e-m+fp/hard/libg_nano.a(libc_a-reallocr.o)
                0x0800a364                _realloc_r
 .text.__swbuf_r
                0x0800a3c0       0x7c /Applications/STM32CubeIDE.app/Contents/Eclipse/plugins/com.st.stm32cube.ide.mcu.externaltools.gnu-tools-for-stm32.13.3.rel1.macos64_1.0.0.202411102158/tools/bin/../lib/gcc/arm-none-eabi/13.3.1/../../../../arm-none-eabi/lib/thumb/v7e-m+fp/hard/libg_nano.a(libc_a-wbuf.o)
                0x0800a3c0                __swbuf_r
 .text.__swsetup_r
                0x0800a43c       0xac /Applications/STM32CubeIDE.app/Contents/Eclipse/plugins/com.st.stm32cube.ide.mcu.externaltools.gnu-tools-for-stm32.13.3.rel1.macos64_1.0.0.202411102158/tools/bin/../lib/gcc/arm-none-eabi/13.3.1/../../../../arm-none-eabi/lib/thumb/v7e-m+fp/hard/libg_nano.a(libc_a-wsetup.o)
                0x0800a43c                __swsetup_r
 .text.__swhatbuf_r
                0x0800a4e8       0x4c /Applications/STM32CubeIDE.app/Contents/Eclipse/plugins/com.st.stm32cube.ide.mcu.externaltools.gnu-tools-for-stm32.13.3.rel1.macos64_1.0.0.202411102158/tools/bin/../lib/gcc/arm-none-eabi/13.3.1/../../../../arm-none-eabi/lib/thumb/v7e-m+fp/hard/libg_nano.a(libc_a-makebuf.o)
                0x0800a4e8                __swhatbuf_r
 .text.__smakebuf_r
                0x0800a534       0x78 /Applications/STM32CubeIDE.app/Contents/Eclipse/plugins/com.st.stm32cube.ide.mcu.externaltools.gnu-tools-for-stm32.13.3.rel1.macos64_1.0.0.202411102158/tools/bin/../lib/gcc/arm-none-eabi/13.3.1/../../../../arm-none-eabi/lib/thumb/v7e-m+fp/hard/libg_nano.a(libc_a-makebuf.o)
                0x0800a534                __smakebuf_r
 .text.memmove  0x0800a5ac       0x34 /Applications/STM32CubeIDE.app/Contents/Eclipse/plugins/com.st.stm32cube.ide.mcu.externaltools.gnu-tools-for-stm32.13.3.rel1.macos64_1.0.0.202411102158/tools/bin/../lib/gcc/arm-none-eabi/13.3.1/../../../../arm-none-eabi/lib/thumb/v7e-m+fp/hard/libg_nano.a(libc_a-memmove.o)
                0x0800a5ac                memmove
 .text._isatty_r
                0x0800a5e0       0x20 /Applications/STM32CubeIDE.app/Contents/Eclipse/plugins/com.st.stm32cube.ide.mcu.externaltools.gnu-tools-for-stm32.13.3.rel1.macos64_1.0.0.202411102158/tools/bin/../lib/gcc/arm-none-eabi/13.3.1/../../../../arm-none-eabi/lib/thumb/v7e-m+fp/hard/libg_nano.a(libc_a-isattyr.o)
                0x0800a5e0                _isatty_r
 .text._fstat_r
                0x0800a600       0x24 /Applications/STM32CubeIDE.app/Contents/Eclipse/plugins/com.st.stm32cube.ide.mcu.externaltools.gnu-tools-for-stm32.13.3.rel1.macos64_1.0.0.202411102158/tools/bin/../lib/gcc/arm-none-eabi/13.3.1/../../../../arm-none-eabi/lib/thumb/v7e-m+fp/hard/libg_nano.a(libc_a-fstatr.o)
                0x0800a600                _fstat_r
 .text._malloc_usable_size_r
                0x0800a624       0x10 /Applications/STM32CubeIDE.app/Contents/Eclipse/plugins/com.st.stm32cube.ide.mcu.externaltools.gnu-tools-for-stm32.13.3.rel1.macos64_1.0.0.202411102158/tools/bin/../lib/gcc/arm-none-eabi/13.3.1/../../../../arm-none-eabi/lib/thumb/v7e-m+fp/hard/libg_nano.a(libc_a-msizer.o)
                0x0800a624                _malloc_usable_size_r
 .text.atan2    0x0800a634        0x4 /Applications/STM32CubeIDE.app/Contents/Eclipse/plugins/com.st.stm32cube.ide.mcu.externaltools.gnu-tools-for-stm32.13.3.rel1.macos64_1.0.0.202411102158/tools/bin/../lib/gcc/arm-none-eabi/13.3.1/../../../../arm-none-eabi/lib/thumb/v7e-m+fp/hard/libm.a(libm_a-w_atan2.o)
                0x0800a634                atan2
 .text.__ieee754_atan2
                0x0800a638      0x18c /Applications/STM32CubeIDE.app/Contents/Eclipse/plugins/com.st.stm32cube.ide.mcu.externaltools.gnu-tools-for-stm32.13.3.rel1.macos64_1.0.0.202411102158/tools/bin/../lib/gcc/arm-none-eabi/13.3.1/../../../../arm-none-eabi/lib/thumb/v7e-m+fp/hard/libm.a(libm_a-e_atan2.o)
                0x0800a638                __ieee754_atan2
 .text.sqrt     0x0800a7c4       0x58 /Applications/STM32CubeIDE.app/Contents/Eclipse/plugins/com.st.stm32cube.ide.mcu.externaltools.gnu-tools-for-stm32.13.3.rel1.macos64_1.0.0.202411102158/tools/bin/../lib/gcc/arm-none-eabi/13.3.1/../../../../arm-none-eabi/lib/thumb/v7e-m+fp/hard/libm.a(libm_a-w_sqrt.o)
                0x0800a7c4                sqrt
 *fill*         0x0800a81c        0x4 
 .text.atan     0x0800a820      0x330 /Applications/STM32CubeIDE.app/Contents/Eclipse/plugins/com.st.stm32cube.ide.mcu.externaltools.gnu-tools-for-stm32.13.3.rel1.macos64_1.0.0.202411102158/tools/bin/../lib/gcc/arm-none-eabi/13.3.1/../../../../arm-none-eabi/lib/thumb/v7e-m+fp/hard/libm.a(libm_a-s_atan.o)
                0x0800a820                atan
 .text.fabs     0x0800ab50       0x10 /Applications/STM32CubeIDE.app/Contents/Eclipse/plugins/com.st.stm32cube.ide.mcu.externaltools.gnu-tools-for-stm32.13.3.rel1.macos64_1.0.0.202411102158/tools/bin/../lib/gcc/arm-none-eabi/13.3.1/../../../../arm-none-eabi/lib/thumb/v7e-m+fp/hard/libm.a(libm_a-s_fabs.o)
                0x0800ab50                fabs
 .text.__ieee754_sqrt
                0x0800ab60      0x1ac /Applications/STM32CubeIDE.app/Contents/Eclipse/plugins/com.st.stm32cube.ide.mcu.externaltools.gnu-tools-for-stm32.13.3.rel1.macos64_1.0.0.202411102158/tools/bin/../lib/gcc/arm-none-eabi/13.3.1/../../../../arm-none-eabi/lib/thumb/v7e-m+fp/hard/libm.a(libm_a-e_sqrt.o)
                0x0800ab60                __ieee754_sqrt
 *(.glue_7)
 .glue_7        0x0800ad0c        0x0 linker stubs
 *(.glue_7t)
 .glue_7t       0x0800ad0c        0x0 linker stubs
 *(.eh_frame)
 .eh_frame      0x0800ad0c        0x0 /Applications/STM32CubeIDE.app/Contents/Eclipse/plugins/com.st.stm32cube.ide.mcu.externaltools.gnu-tools-for-stm32.13.3.rel1.macos64_1.0.0.202411102158/tools/bin/../lib/gcc/arm-none-eabi/13.3.1/thumb/v7e-m+fp/hard/crtbegin.o
 *(.init)
 .init          0x0800ad0c        0x4 /Applications/STM32CubeIDE.app/Contents/Eclipse/plugins/com.st.stm32cube.ide.mcu.externaltools.gnu-tools-for-stm32.13.3.rel1.macos64_1.0.0.202411102158/tools/bin/../lib/gcc/arm-none-eabi/13.3.1/thumb/v7e-m+fp/hard/crti.o
                0x0800ad0c                _init
 .init          0x0800ad10        0x8 /Applications/STM32CubeIDE.app/Contents/Eclipse/plugins/com.st.stm32cube.ide.mcu.externaltools.gnu-tools-for-stm32.13.3.rel1.macos64_1.0.0.202411102158/tools/bin/../lib/gcc/arm-none-eabi/13.3.1/thumb/v7e-m+fp/hard/crtn.o
 *(.fini)
 .fini          0x0800ad18        0x4 /Applications/STM32CubeIDE.app/Contents/Eclipse/plugins/com.st.stm32cube.ide.mcu.externaltools.gnu-tools-for-stm32.13.3.rel1.macos64_1.0.0.202411102158/tools/bin/../lib/gcc/arm-none-eabi/13.3.1/thumb/v7e-m+fp/hard/crti.o
                0x0800ad18                _fini
 .fini          0x0800ad1c        0x8 /Applications/STM32CubeIDE.app/Contents/Eclipse/plugins/com.st.stm32cube.ide.mcu.externaltools.gnu-tools-for-stm32.13.3.rel1.macos64_1.0.0.202411102158/tools/bin/../lib/gcc/arm-none-eabi/13.3.1/thumb/v7e-m+fp/hard/crtn.o
                0x0800ad24                        . = ALIGN (0x4)
                0x0800ad24                        _etext = .

.vfp11_veneer   0x0800ad24        0x0
 .vfp11_veneer  0x0800ad24        0x0 linker stubs

.v4_bx          0x0800ad24        0x0
 .v4_bx         0x0800ad24        0x0 linker stubs

.iplt           0x0800ad24        0x0
 .iplt          0x0800ad24        0x0 /Applications/STM32CubeIDE.app/Contents/Eclipse/plugins/com.st.stm32cube.ide.mcu.externaltools.gnu-tools-for-stm32.13.3.rel1.macos64_1.0.0.202411102158/tools/bin/../lib/gcc/arm-none-eabi/13.3.1/thumb/v7e-m+fp/hard/crtbegin.o

.rodata         0x0800ad28      0x248
                0x0800ad28                        . = ALIGN (0x4)
 *(.rodata)
 .rodata        0x0800ad28        0x5 cmake/stm32cubemx/CMakeFiles/FreeRTOS.dir/__/__/Middlewares/Third_Party/FreeRTOS/Source/tasks.c.obj
 *fill*         0x0800ad2d        0x3 
 .rodata        0x0800ad30        0xd cmake/stm32cubemx/CMakeFiles/FreeRTOS.dir/__/__/Middlewares/Third_Party/FreeRTOS/Source/timers.c.obj
 *fill*         0x0800ad3d        0x3 
 .rodata        0x0800ad40       0x80 CMakeFiles/PROJECT_MPU6050.dir/Core/Src/main.c.obj
 .rodata        0x0800adc0       0x48 CMakeFiles/PROJECT_MPU6050.dir/Core/Src/mpu6050.c.obj
 *(.rodata*)
 .rodata.AHBPrescTable
                0x0800ae08       0x10 cmake/stm32cubemx/CMakeFiles/STM32_Drivers.dir/__/__/Core/Src/system_stm32f4xx.c.obj
                0x0800ae08                AHBPrescTable
 .rodata.APBPrescTable
                0x0800ae18        0x8 cmake/stm32cubemx/CMakeFiles/STM32_Drivers.dir/__/__/Core/Src/system_stm32f4xx.c.obj
                0x0800ae18                APBPrescTable
 .rodata.defaultTask_attributes
                0x0800ae20       0x24 CMakeFiles/PROJECT_MPU6050.dir/Core/Src/main.c.obj
                0x0800ae20                defaultTask_attributes
 .rodata.SensorReadTask_attributes
                0x0800ae44       0x24 CMakeFiles/PROJECT_MPU6050.dir/Core/Src/main.c.obj
                0x0800ae44                SensorReadTask_attributes
 .rodata.PWMControlTask_attributes
                0x0800ae68       0x24 CMakeFiles/PROJECT_MPU6050.dir/Core/Src/main.c.obj
                0x0800ae68                PWMControlTask_attributes
 .rodata.LCDControlTask_attributes
                0x0800ae8c       0x24 CMakeFiles/PROJECT_MPU6050.dir/Core/Src/main.c.obj
                0x0800ae8c                LCDControlTask_attributes
 .rodata.error_offset
                0x0800aeb0        0x6 CMakeFiles/PROJECT_MPU6050.dir/Core/Src/main.c.obj
                0x0800aeb0                error_offset
 *fill*         0x0800aeb6        0x2 
 .rodata.ROW_16
                0x0800aeb8        0x4 CMakeFiles/PROJECT_MPU6050.dir/Core/Src/lcd.c.obj
                0x0800aeb8                ROW_16
 .rodata._svfprintf_r.str1.1
                0x0800aebc       0x33 /Applications/STM32CubeIDE.app/Contents/Eclipse/plugins/com.st.stm32cube.ide.mcu.externaltools.gnu-tools-for-stm32.13.3.rel1.macos64_1.0.0.202411102158/tools/bin/../lib/gcc/arm-none-eabi/13.3.1/../../../../arm-none-eabi/lib/thumb/v7e-m+fp/hard/libg_nano.a(libc_a-nano-svfprintf.o)
                                 0x11 (size before relaxing)
 .rodata._vfprintf_r.str1.1
                0x0800aeef       0x11 /Applications/STM32CubeIDE.app/Contents/Eclipse/plugins/com.st.stm32cube.ide.mcu.externaltools.gnu-tools-for-stm32.13.3.rel1.macos64_1.0.0.202411102158/tools/bin/../lib/gcc/arm-none-eabi/13.3.1/../../../../arm-none-eabi/lib/thumb/v7e-m+fp/hard/libg_nano.a(libc_a-nano-vfprintf.o)
 .rodata._printf_i.str1.1
                0x0800aeef       0x22 /Applications/STM32CubeIDE.app/Contents/Eclipse/plugins/com.st.stm32cube.ide.mcu.externaltools.gnu-tools-for-stm32.13.3.rel1.macos64_1.0.0.202411102158/tools/bin/../lib/gcc/arm-none-eabi/13.3.1/../../../../arm-none-eabi/lib/thumb/v7e-m+fp/hard/libg_nano.a(libc_a-nano-vfprintf_i.o)
 *fill*         0x0800aeef        0x1 
 .rodata.CSWTCH.9
                0x0800aef0       0x18 /Applications/STM32CubeIDE.app/Contents/Eclipse/plugins/com.st.stm32cube.ide.mcu.externaltools.gnu-tools-for-stm32.13.3.rel1.macos64_1.0.0.202411102158/tools/bin/../lib/gcc/arm-none-eabi/13.3.1/../../../../arm-none-eabi/lib/thumb/v7e-m+fp/hard/libm.a(libm_a-e_atan2.o)
 .rodata.CSWTCH.8
                0x0800af08       0x18 /Applications/STM32CubeIDE.app/Contents/Eclipse/plugins/com.st.stm32cube.ide.mcu.externaltools.gnu-tools-for-stm32.13.3.rel1.macos64_1.0.0.202411102158/tools/bin/../lib/gcc/arm-none-eabi/13.3.1/../../../../arm-none-eabi/lib/thumb/v7e-m+fp/hard/libm.a(libm_a-e_atan2.o)
 .rodata.atanlo
                0x0800af20       0x20 /Applications/STM32CubeIDE.app/Contents/Eclipse/plugins/com.st.stm32cube.ide.mcu.externaltools.gnu-tools-for-stm32.13.3.rel1.macos64_1.0.0.202411102158/tools/bin/../lib/gcc/arm-none-eabi/13.3.1/../../../../arm-none-eabi/lib/thumb/v7e-m+fp/hard/libm.a(libm_a-s_atan.o)
 .rodata.atanhi
                0x0800af40       0x20 /Applications/STM32CubeIDE.app/Contents/Eclipse/plugins/com.st.stm32cube.ide.mcu.externaltools.gnu-tools-for-stm32.13.3.rel1.macos64_1.0.0.202411102158/tools/bin/../lib/gcc/arm-none-eabi/13.3.1/../../../../arm-none-eabi/lib/thumb/v7e-m+fp/hard/libm.a(libm_a-s_atan.o)
 .rodata.tiny   0x0800af60        0x8 /Applications/STM32CubeIDE.app/Contents/Eclipse/plugins/com.st.stm32cube.ide.mcu.externaltools.gnu-tools-for-stm32.13.3.rel1.macos64_1.0.0.202411102158/tools/bin/../lib/gcc/arm-none-eabi/13.3.1/../../../../arm-none-eabi/lib/thumb/v7e-m+fp/hard/libm.a(libm_a-e_sqrt.o)
 .rodata.one    0x0800af68        0x8 /Applications/STM32CubeIDE.app/Contents/Eclipse/plugins/com.st.stm32cube.ide.mcu.externaltools.gnu-tools-for-stm32.13.3.rel1.macos64_1.0.0.202411102158/tools/bin/../lib/gcc/arm-none-eabi/13.3.1/../../../../arm-none-eabi/lib/thumb/v7e-m+fp/hard/libm.a(libm_a-e_sqrt.o)
                0x0800af70                        . = ALIGN (0x4)

.ARM.extab      0x0800af70        0x0
                0x0800af70                        . = ALIGN (0x4)
 *(.ARM.extab* .gnu.linkonce.armextab.*)
                0x0800af70                        . = ALIGN (0x4)

.ARM            0x0800af70        0x8
                0x0800af70                        . = ALIGN (0x4)
                0x0800af70                        __exidx_start = .
 *(.ARM.exidx*)
 .ARM.exidx     0x0800af70        0x8 /Applications/STM32CubeIDE.app/Contents/Eclipse/plugins/com.st.stm32cube.ide.mcu.externaltools.gnu-tools-for-stm32.13.3.rel1.macos64_1.0.0.202411102158/tools/bin/../lib/gcc/arm-none-eabi/13.3.1/thumb/v7e-m+fp/hard/libgcc.a(_udivmoddi4.o)
 .ARM.exidx     0x0800af78        0x0 /Applications/STM32CubeIDE.app/Contents/Eclipse/plugins/com.st.stm32cube.ide.mcu.externaltools.gnu-tools-for-stm32.13.3.rel1.macos64_1.0.0.202411102158/tools/bin/../lib/gcc/arm-none-eabi/13.3.1/../../../../arm-none-eabi/lib/thumb/v7e-m+fp/hard/libg_nano.a(libc_a-strlen.o)
                                  0x8 (size before relaxing)
 .ARM.exidx     0x0800af78        0x0 /Applications/STM32CubeIDE.app/Contents/Eclipse/plugins/com.st.stm32cube.ide.mcu.externaltools.gnu-tools-for-stm32.13.3.rel1.macos64_1.0.0.202411102158/tools/bin/../lib/gcc/arm-none-eabi/13.3.1/../../../../arm-none-eabi/lib/thumb/v7e-m+fp/hard/libg_nano.a(libc_a-memchr.o)
                                  0x8 (size before relaxing)
                0x0800af78                        __exidx_end = .
                0x0800af78                        . = ALIGN (0x4)

.preinit_array  0x0800af78        0x0
                0x0800af78                        . = ALIGN (0x4)
                0x0800af78                        PROVIDE (__preinit_array_start = .)
 *(.preinit_array*)
                0x0800af78                        PROVIDE (__preinit_array_end = .)
                0x0800af78                        . = ALIGN (0x4)

.init_array     0x0800af78        0x4
                0x0800af78                        . = ALIGN (0x4)
                0x0800af78                        PROVIDE (__init_array_start = .)
 *(SORT_BY_NAME(.init_array.*))
 *(.init_array*)
 .init_array    0x0800af78        0x4 /Applications/STM32CubeIDE.app/Contents/Eclipse/plugins/com.st.stm32cube.ide.mcu.externaltools.gnu-tools-for-stm32.13.3.rel1.macos64_1.0.0.202411102158/tools/bin/../lib/gcc/arm-none-eabi/13.3.1/thumb/v7e-m+fp/hard/crtbegin.o
                0x0800af7c                        PROVIDE (__init_array_end = .)
                0x0800af7c                        . = ALIGN (0x4)

.fini_array     0x0800af7c        0x4
                0x0800af7c                        . = ALIGN (0x4)
                [!provide]                        PROVIDE (__fini_array_start = .)
 *(SORT_BY_NAME(.fini_array.*))
 *(.fini_array*)
 .fini_array    0x0800af7c        0x4 /Applications/STM32CubeIDE.app/Contents/Eclipse/plugins/com.st.stm32cube.ide.mcu.externaltools.gnu-tools-for-stm32.13.3.rel1.macos64_1.0.0.202411102158/tools/bin/../lib/gcc/arm-none-eabi/13.3.1/thumb/v7e-m+fp/hard/crtbegin.o
                [!provide]                        PROVIDE (__fini_array_end = .)
                0x0800af80                        . = ALIGN (0x4)
                0x0800af80                        _sidata = LOADADDR (.data)

.rel.dyn        0x0800af80        0x0
 .rel.iplt      0x0800af80        0x0 /Applications/STM32CubeIDE.app/Contents/Eclipse/plugins/com.st.stm32cube.ide.mcu.externaltools.gnu-tools-for-stm32.13.3.rel1.macos64_1.0.0.202411102158/tools/bin/../lib/gcc/arm-none-eabi/13.3.1/thumb/v7e-m+fp/hard/crtbegin.o

.data           0x20000000       0x74 load address 0x0800af80
                0x20000000                        . = ALIGN (0x4)
                0x20000000                        _sdata = .
 *(.data)
 *(.data*)
 .data.__sglue  0x20000000        0xc /Applications/STM32CubeIDE.app/Contents/Eclipse/plugins/com.st.stm32cube.ide.mcu.externaltools.gnu-tools-for-stm32.13.3.rel1.macos64_1.0.0.202411102158/tools/bin/../lib/gcc/arm-none-eabi/13.3.1/../../../../arm-none-eabi/lib/thumb/v7e-m+fp/hard/libc_nano.a(libc_a-findfp.o)
                0x20000000                __sglue
 .data._impure_ptr